******************************************************************************
             TMS320C2000 Linker PC v20.2.1                     
******************************************************************************
>> Linked Mon Mar  4 17:29:19 2024

OUTPUT FILE NAME:   <../blikingled_28069M_launchpad.out>
ENTRY POINT SYMBOL: "_c_int00"  address: 003daefe


MEMORY CONFIGURATION

         name            origin    length      used     unused   attr    fill
----------------------  --------  ---------  --------  --------  ----  --------
PAGE 0:
  BEGINRAM              00000000   00000002  00000000  00000002  RWIX
  PRAM                  00008000   00006000  00000093  00005f6d  RWIX
  OTP                   003d7800   000003fa  00000000  000003fa  RWIX
  FLASH                 003d8000   0001fff0  000035d5  0001ca1b  RWIX
  BEGINFLASH            003f7ff6   00000002  00000002  00000000  RWIX
  CSM_PWL               003f7ff8   00000008  00000000  00000008  RWIX
  FPUTABLES             003fd590   000006a0  000006a0  00000000  RWIX
  IQTABLES              003fdc30   00000b50  00000000  00000b50  RWIX
  IQTABLES2             003fe780   0000008c  00000000  0000008c  RWIX
  IQTABLES3             003fe80c   000000aa  00000000  000000aa  RWIX
  BOOTROM               003ff3b0   00000c10  00000000  00000c10  RWIX
  RESET                 003fffc0   00000002  00000000  00000002  RWIX
  VECTORS               003fffc2   0000003e  00000000  0000003e  RWIX

PAGE 1:
  RAMM0M1               00000002   000007fe  00000400  000003fe  RWIX
  DEV_EMU               00000880   00000105  00000004  00000101  RWIX
  SYS_PWR_CTL           00000985   00000003  00000003  00000000  RWIX
  FLASH_REGS            00000a80   00000060  00000008  00000058  RWIX
  CSM                   00000ae0   00000020  00000010  00000010  RWIX
  ADC_RESULT            00000b00   00000020  00000010  00000010  RWIX
  CPU_TIMER0            00000c00   00000008  00000008  00000000  RWIX
  CPU_TIMER1            00000c08   00000008  00000008  00000000  RWIX
  CPU_TIMER2            00000c10   00000008  00000008  00000000  RWIX
  PIE_CTRL              00000ce0   00000020  0000001a  00000006  RWIX
  PIE_VECT              00000d00   00000100  00000100  00000000  RWIX
  DMA                   00001000   00000200  000000e0  00000120  RWIX
  CLA1                  00001400   00000080  00000040  00000040  RWIX
  USB0                  00004000   00001000  00000454  00000bac  RWIX
  McBSPA                00005000   00000040  00000024  0000001c  RWIX
  ECANA                 00006000   00000040  00000034  0000000c  RWIX
  ECANA_LAM             00006040   00000040  00000040  00000000  RWIX
  ECANA_MOTS            00006080   00000040  00000040  00000000  RWIX
  ECANA_MOTO            000060c0   00000040  00000040  00000000  RWIX
  ECANA_MBOX            00006100   00000100  00000100  00000000  RWIX
  COMP1                 00006400   00000020  00000014  0000000c  RWIX
  COMP2                 00006420   00000020  00000014  0000000c  RWIX
  COMP3                 00006440   00000020  00000014  0000000c  RWIX
  EPWM1                 00006800   00000040  00000040  00000000  RWIX
  EPWM2                 00006840   00000040  00000040  00000000  RWIX
  EPWM3                 00006880   00000040  00000040  00000000  RWIX
  EPWM4                 000068c0   00000040  00000040  00000000  RWIX
  EPWM5                 00006900   00000040  00000040  00000000  RWIX
  EPWM6                 00006940   00000040  00000040  00000000  RWIX
  EPWM7                 00006980   00000040  00000040  00000000  RWIX
  EPWM8                 000069c0   00000040  00000040  00000000  RWIX
  ECAP1                 00006a00   00000020  00000020  00000000  RWIX
  ECAP2                 00006a20   00000020  00000020  00000000  RWIX
  ECAP3                 00006a40   00000020  00000020  00000000  RWIX
  HRCAP1                00006ac0   00000020  00000020  00000000  RWIX
  HRCAP2                00006ae0   00000020  00000020  00000000  RWIX
  EQEP1                 00006b00   00000040  00000022  0000001e  RWIX
  EQEP2                 00006b40   00000040  00000022  0000001e  RWIX
  HRCAP3                00006c80   00000020  00000020  00000000  RWIX
  HRCAP4                00006ca0   00000020  00000020  00000000  RWIX
  GPIOCTRL              00006f80   00000040  00000040  00000000  RWIX
  GPIODAT               00006fc0   00000020  00000020  00000000  RWIX
  GPIOINT               00006fe0   00000020  00000020  00000000  RWIX
  SYSTEM                00007010   00000030  00000030  00000000  RWIX
  SPIA                  00007040   00000010  00000010  00000000  RWIX
  SCIA                  00007050   00000010  00000010  00000000  RWIX
  NMIINTRUPT            00007060   00000010  00000010  00000000  RWIX
  XINTRUPT              00007070   00000010  00000010  00000000  RWIX
  ADC                   00007100   00000080  00000050  00000030  RWIX
  SPIB                  00007740   00000010  00000010  00000000  RWIX
  SCIB                  00007750   00000010  00000010  00000000  RWIX
  I2CA                  00007900   00000040  00000022  0000001e  RWIX
  DRAM                  0000e000   00006000  00000433  00005bcd  RWIX
  PARTID                003d7e80   00000001  00000001  00000000  RWIX
  CSM_PWL               003f7ff8   00000008  00000008  00000000  RWIX


SECTION ALLOCATION MAP

 output                                  attributes/
section   page    origin      length       input sections
--------  ----  ----------  ----------   ----------------
DevEmuRegsFile 
*          1    00000880    00000004     UNINITIALIZED
                  00000880    00000004     F2806x_GlobalVariableDefs.obj (DevEmuRegsFile)

SysPwrCtrlRegsFile 
*          1    00000985    00000003     UNINITIALIZED
                  00000985    00000003     F2806x_GlobalVariableDefs.obj (SysPwrCtrlRegsFile)

FlashRegsFile 
*          1    00000a80    00000008     UNINITIALIZED
                  00000a80    00000008     F2806x_GlobalVariableDefs.obj (FlashRegsFile)

CsmRegsFile 
*          1    00000ae0    00000010     UNINITIALIZED
                  00000ae0    00000010     F2806x_GlobalVariableDefs.obj (CsmRegsFile)

AdcResultFile 
*          1    00000b00    00000010     UNINITIALIZED
                  00000b00    00000010     F2806x_GlobalVariableDefs.obj (AdcResultFile)

CpuTimer0RegsFile 
*          1    00000c00    00000008     UNINITIALIZED
                  00000c00    00000008     F2806x_GlobalVariableDefs.obj (CpuTimer0RegsFile)

CpuTimer1RegsFile 
*          1    00000c08    00000008     UNINITIALIZED
                  00000c08    00000008     F2806x_GlobalVariableDefs.obj (CpuTimer1RegsFile)

CpuTimer2RegsFile 
*          1    00000c10    00000008     UNINITIALIZED
                  00000c10    00000008     F2806x_GlobalVariableDefs.obj (CpuTimer2RegsFile)

PieCtrlRegsFile 
*          1    00000ce0    0000001a     UNINITIALIZED
                  00000ce0    0000001a     F2806x_GlobalVariableDefs.obj (PieCtrlRegsFile)

PieVectTableFile 
*          1    00000d00    00000100     UNINITIALIZED
                  00000d00    00000100     F2806x_GlobalVariableDefs.obj (PieVectTableFile)

EmuKeyVar 
*          1    00000d00    00000001     UNINITIALIZED
                  00000d00    00000001     F2806x_GlobalVariableDefs.obj (EmuKeyVar)

EmuBModeVar 
*          1    00000d01    00000001     UNINITIALIZED
                  00000d01    00000001     F2806x_GlobalVariableDefs.obj (EmuBModeVar)

FlashCallbackVar 
*          1    00000d02    00000002     UNINITIALIZED
                  00000d02    00000002     F2806x_GlobalVariableDefs.obj (FlashCallbackVar)

FlashScalingVar 
*          1    00000d04    00000002     UNINITIALIZED
                  00000d04    00000002     F2806x_GlobalVariableDefs.obj (FlashScalingVar)

DmaRegsFile 
*          1    00001000    000000e0     UNINITIALIZED
                  00001000    000000e0     F2806x_GlobalVariableDefs.obj (DmaRegsFile)

Cla1RegsFile 
*          1    00001400    00000040     UNINITIALIZED
                  00001400    00000040     F2806x_GlobalVariableDefs.obj (Cla1RegsFile)

Usb0RegsFile 
*          1    00004000    00000454     UNINITIALIZED
                  00004000    00000454     F2806x_GlobalVariableDefs.obj (Usb0RegsFile)

McbspaRegsFile 
*          1    00005000    00000024     UNINITIALIZED
                  00005000    00000024     F2806x_GlobalVariableDefs.obj (McbspaRegsFile)

ECanaRegsFile 
*          1    00006000    00000034     UNINITIALIZED
                  00006000    00000034     F2806x_GlobalVariableDefs.obj (ECanaRegsFile)

ECanaLAMRegsFile 
*          1    00006040    00000040     UNINITIALIZED
                  00006040    00000040     F2806x_GlobalVariableDefs.obj (ECanaLAMRegsFile)

ECanaMOTSRegsFile 
*          1    00006080    00000040     UNINITIALIZED
                  00006080    00000040     F2806x_GlobalVariableDefs.obj (ECanaMOTSRegsFile)

ECanaMOTORegsFile 
*          1    000060c0    00000040     UNINITIALIZED
                  000060c0    00000040     F2806x_GlobalVariableDefs.obj (ECanaMOTORegsFile)

ECanaMboxesFile 
*          1    00006100    00000100     UNINITIALIZED
                  00006100    00000100     F2806x_GlobalVariableDefs.obj (ECanaMboxesFile)

Comp1RegsFile 
*          1    00006400    00000014     UNINITIALIZED
                  00006400    00000014     F2806x_GlobalVariableDefs.obj (Comp1RegsFile)

Comp2RegsFile 
*          1    00006420    00000014     UNINITIALIZED
                  00006420    00000014     F2806x_GlobalVariableDefs.obj (Comp2RegsFile)

Comp3RegsFile 
*          1    00006440    00000014     UNINITIALIZED
                  00006440    00000014     F2806x_GlobalVariableDefs.obj (Comp3RegsFile)

EPwm1RegsFile 
*          1    00006800    00000040     UNINITIALIZED
                  00006800    00000040     F2806x_GlobalVariableDefs.obj (EPwm1RegsFile)

EPwm2RegsFile 
*          1    00006840    00000040     UNINITIALIZED
                  00006840    00000040     F2806x_GlobalVariableDefs.obj (EPwm2RegsFile)

EPwm3RegsFile 
*          1    00006880    00000040     UNINITIALIZED
                  00006880    00000040     F2806x_GlobalVariableDefs.obj (EPwm3RegsFile)

EPwm4RegsFile 
*          1    000068c0    00000040     UNINITIALIZED
                  000068c0    00000040     F2806x_GlobalVariableDefs.obj (EPwm4RegsFile)

EPwm5RegsFile 
*          1    00006900    00000040     UNINITIALIZED
                  00006900    00000040     F2806x_GlobalVariableDefs.obj (EPwm5RegsFile)

EPwm6RegsFile 
*          1    00006940    00000040     UNINITIALIZED
                  00006940    00000040     F2806x_GlobalVariableDefs.obj (EPwm6RegsFile)

EPwm7RegsFile 
*          1    00006980    00000040     UNINITIALIZED
                  00006980    00000040     F2806x_GlobalVariableDefs.obj (EPwm7RegsFile)

EPwm8RegsFile 
*          1    000069c0    00000040     UNINITIALIZED
                  000069c0    00000040     F2806x_GlobalVariableDefs.obj (EPwm8RegsFile)

ECap1RegsFile 
*          1    00006a00    00000020     UNINITIALIZED
                  00006a00    00000020     F2806x_GlobalVariableDefs.obj (ECap1RegsFile)

ECap2RegsFile 
*          1    00006a20    00000020     UNINITIALIZED
                  00006a20    00000020     F2806x_GlobalVariableDefs.obj (ECap2RegsFile)

ECap3RegsFile 
*          1    00006a40    00000020     UNINITIALIZED
                  00006a40    00000020     F2806x_GlobalVariableDefs.obj (ECap3RegsFile)

HRCap1RegsFile 
*          1    00006ac0    00000020     UNINITIALIZED
                  00006ac0    00000020     F2806x_GlobalVariableDefs.obj (HRCap1RegsFile)

HRCap2RegsFile 
*          1    00006ae0    00000020     UNINITIALIZED
                  00006ae0    00000020     F2806x_GlobalVariableDefs.obj (HRCap2RegsFile)

EQep1RegsFile 
*          1    00006b00    00000022     UNINITIALIZED
                  00006b00    00000022     F2806x_GlobalVariableDefs.obj (EQep1RegsFile)

EQep2RegsFile 
*          1    00006b40    00000022     UNINITIALIZED
                  00006b40    00000022     F2806x_GlobalVariableDefs.obj (EQep2RegsFile)

HRCap3RegsFile 
*          1    00006c80    00000020     UNINITIALIZED
                  00006c80    00000020     F2806x_GlobalVariableDefs.obj (HRCap3RegsFile)

HRCap4RegsFile 
*          1    00006ca0    00000020     UNINITIALIZED
                  00006ca0    00000020     F2806x_GlobalVariableDefs.obj (HRCap4RegsFile)

GpioCtrlRegsFile 
*          1    00006f80    00000040     UNINITIALIZED
                  00006f80    00000040     F2806x_GlobalVariableDefs.obj (GpioCtrlRegsFile)

GpioDataRegsFile 
*          1    00006fc0    00000020     UNINITIALIZED
                  00006fc0    00000020     F2806x_GlobalVariableDefs.obj (GpioDataRegsFile)

GpioIntRegsFile 
*          1    00006fe0    00000020     UNINITIALIZED
                  00006fe0    00000020     F2806x_GlobalVariableDefs.obj (GpioIntRegsFile)

SysCtrlRegsFile 
*          1    00007010    00000030     UNINITIALIZED
                  00007010    00000030     F2806x_GlobalVariableDefs.obj (SysCtrlRegsFile)

SpiaRegsFile 
*          1    00007040    00000010     UNINITIALIZED
                  00007040    00000010     F2806x_GlobalVariableDefs.obj (SpiaRegsFile)

SciaRegsFile 
*          1    00007050    00000010     UNINITIALIZED
                  00007050    00000010     F2806x_GlobalVariableDefs.obj (SciaRegsFile)

NmiIntruptRegsFile 
*          1    00007060    00000010     UNINITIALIZED
                  00007060    00000010     F2806x_GlobalVariableDefs.obj (NmiIntruptRegsFile)

XIntruptRegsFile 
*          1    00007070    00000010     UNINITIALIZED
                  00007070    00000010     F2806x_GlobalVariableDefs.obj (XIntruptRegsFile)

AdcRegsFile 
*          1    00007100    00000050     UNINITIALIZED
                  00007100    00000050     F2806x_GlobalVariableDefs.obj (AdcRegsFile)

SpibRegsFile 
*          1    00007740    00000010     UNINITIALIZED
                  00007740    00000010     F2806x_GlobalVariableDefs.obj (SpibRegsFile)

ScibRegsFile 
*          1    00007750    00000010     UNINITIALIZED
                  00007750    00000010     F2806x_GlobalVariableDefs.obj (ScibRegsFile)

I2caRegsFile 
*          1    00007900    00000022     UNINITIALIZED
                  00007900    00000022     F2806x_GlobalVariableDefs.obj (I2caRegsFile)

PartIdRegsFile 
*          1    003d7e80    00000001     UNINITIALIZED
                  003d7e80    00000001     F2806x_GlobalVariableDefs.obj (PartIdRegsFile)

CsmPwlFile 
*          1    003f7ff8    00000008     UNINITIALIZED
                  003f7ff8    00000008     F2806x_GlobalVariableDefs.obj (CsmPwlFile)

.text      0    003d8093    0000321e     
                  003d8093    00000c1f     xcp_daq.obj (.text)
                  003d8cb2    0000047a     xcp_mem_default.obj (.text)
                  003d912c    000003b5     xcp.obj (.text)
                  003d94e1    0000039b     F2806x_DefaultIsr.obj (.text:retain)
                  003d987c    000002ea     xcp_transport.obj (.text)
                  003d9b66    0000022a     xcp_standard.obj (.text)
                  003d9d90    0000020f     xcp_frame_serial.obj (.text)
                  003d9f9f    000001cf     blikingled_28069M_launchpad.obj (.text)
                  003da16e    000001b7     xcp_ext_classic_trigger.obj (.text)
                  003da325    00000194     xcp_ext_common.obj (.text)
                  003da4b9    0000018c     F2806x_SysCtrl.obj (.text)
                  003da645    00000170     xcp_ext_mode.obj (.text)
                  003da7b5    00000166     xcp_drv_rtiostream.obj (.text)
                  003da91b    00000141     MW_c28xGPIO.obj (.text)
                  003daa5c    0000012d     rtiostream_serial_c28x_ext_xcp.obj (.text)
                  003dab89    000000d4     xcp_calibration.obj (.text)
                  003dac5d    000000b9     datamodify_xcp.obj (.text)
                  003dad16    000000b9     ert_main.obj (.text)
                  003dadcf    00000076     F2806x_CpuTimers.obj (.text)
                  003dae45    0000005f     xcp_fifo.obj (.text)
                  003daea4    0000005a     xcp_utils.obj (.text)
                  003daefe    00000056     rts2800_fpu32.lib : boot28.asm.obj (.text)
                  003daf54    0000004f     rts2800_fpu32_fast_supplement.lib : atan2_f32.obj (.text)
                  003dafa3    0000004e     c2806xSchedulerTimer0.obj (.text)
                  003daff1    0000004a     rts2800_fpu32_fast_supplement.lib : atan_f32.obj (.text)
                  003db03b    00000044     c2806xSchedulerTimer0.obj (.text:retain)
                  003db07f    0000003d     MW_c28xx_board.obj (.text)
                  003db0bc    00000034     c2806xBoard_Realtime_Support.obj (.text)
                  003db0f0    00000034     rts2800_fpu32_fast_supplement.lib : cos_f32.obj (.text)
                  003db124    00000034                                       : sin_f32.obj (.text)
                  003db158    00000029     rts2800_fpu32.lib : exit.c.obj (.text)
                  003db181    00000028     F2806x_PieCtrl.obj (.text)
                  003db1a9    00000026     F2806x_PieVect.obj (.text)
                  003db1cf    00000024     rts2800_fpu32.lib : cpy_tbl.c.obj (.text)
                  003db1f3    00000021     rts2800_fpu32_fast_supplement.lib : sqrt_f32.obj (.text)
                  003db214    0000001f     xcp_ext_param_default_serial.obj (.text)
                  003db233    0000001d     rts2800_fpu32.lib : memcpy.c.obj (.text)
                  003db250    00000014     MW_c28xGlobalInterrupts.obj (.text)
                  003db264    00000013     MW_c28xx_pwm.obj (.text)
                  003db277    00000012     rts2800_fpu32.lib : args_main.c.obj (.text)
                  003db289    0000000b                       : u_div28.asm.obj (.text)
                  003db294    00000009                       : _lock.c.obj (.text)
                  003db29d    00000008     F2806x_CodeStartBranch.obj (.text)
                  003db2a5    00000007     rts2800_fpu32.lib : memset.c.obj (.text)
                  003db2ac    00000002     blapp_support.obj (.text)
                  003db2ae    00000002     rts2800_fpu32.lib : pre_init.c.obj (.text)
                  003db2b0    00000001                       : startup.c.obj (.text)

.switch    0    003db5b8    0000001e     
                  003db5b8    0000001e     xcp.obj (.switch:_genericOutputPacketHandler)

.bss       1    0000e000    00000000     UNINITIALIZED

.ebss      1    0000e000    00000433     UNINITIALIZED
                  0000e000    000001a6     xcp_mem_default.obj (.ebss:_xcpMemReservedPoolsChunk)
                  0000e1a6    00000018     F2806x_CpuTimers.obj (.ebss)
                  0000e1be    00000002     rts2800_fpu32.lib : _lock.c.obj (.ebss:__lock)
                  0000e1c0    000000c0     blikingled_28069M_launchpad.obj (.ebss)
                  0000e280    0000006f     xcp_mem_default.obj (.ebss:_xcpMemMainChunk)
                  0000e2ef    00000001     MW_c28xGPIO.obj (.ebss)
                  0000e2f0    00000008     xcp.obj (.ebss:_groupPacketLookup)
                  0000e2f8    00000008     xcp_transport.obj (.ebss:_txFifo)
                  0000e300    00000042     datamodify_xcp.obj (.ebss)
                  0000e342    0000003c     xcp_mem_default.obj (.ebss:_xcpMemPoolDescriptors)
                  0000e37e    00000002     rts2800_fpu32.lib : _lock.c.obj (.ebss:__unlock)
                  0000e380    0000001e     xcp_ext_common.obj (.ebss)
                  0000e39e    0000001c     xcp_ext_classic_trigger.obj (.ebss)
                  0000e3ba    00000006     xcp_mem_default.obj (.ebss:_xcpMemMainBlockSizes)
                  0000e3c0    00000018     blikingled_28069M_launchpad_data.obj (.ebss)
                  0000e3d8    00000018     xcp_daq.obj (.ebss)
                  0000e3f0    00000008     xcp_standard.obj (.ebss)
                  0000e3f8    00000006     xcp_mem_default.obj (.ebss:_xcpMemMainBlocksNumber)
                  0000e3fe    00000002     blikingled_28069M_launchpad.obj (.ebss:_systemRan$3)
                  0000e400    00000006     rts2800_fpu32.lib : exit.c.obj (.ebss)
                  0000e406    00000005     xcp.obj (.ebss)
                  0000e40b    00000005     xcp_frame_serial.obj (.ebss)
                  0000e410    00000004     xcp_transport.obj (.ebss:_rxFifo)
                  0000e414    00000004     xcp_ext_common.obj (.ebss:_xcpCurrentSimulationTimeInTicks)
                  0000e418    00000004     xcp_ext_mode.obj (.ebss:_xcpCustomTriggerFunction)
                  0000e41c    00000004     xcp_mem_default.obj (.ebss:_xcpMemCustomPoolDescriptors)
                  0000e420    00000004     ert_main.obj (.ebss)
                  0000e424    00000004     xcp_mem_default.obj (.ebss)
                  0000e428    00000004     xcp_transport.obj (.ebss)
                  0000e42c    00000002     rtiostream_serial_c28x_ext_xcp.obj (.ebss)
                  0000e42e    00000002     xcp_calibration.obj (.ebss)
                  0000e430    00000002     xcp_drv_rtiostream.obj (.ebss)
                  0000e432    00000001     MW_c28xGlobalInterrupts.obj (.ebss)

.cinit     0    003db446    00000172     
                  003db446    0000005b     xcp_ext_classic_trigger.obj (.cinit)
                  003db4a1    0000004c     xcp_ext_common.obj (.cinit)
                  003db4ed    0000001e     xcp_daq.obj (.cinit)
                  003db50b    0000001b     blikingled_28069M_launchpad_data.obj (.cinit)
                  003db526    00000014     xcp.obj (.cinit)
                  003db53a    00000014     xcp_frame_serial.obj (.cinit)
                  003db54e    0000000f     xcp_standard.obj (.cinit)
                  003db55d    0000000e     rts2800_fpu32.lib : exit.c.obj (.cinit)
                  003db56b    00000009     xcp_mem_default.obj (.cinit:_xcpMemMainBlockSizes)
                  003db574    00000009     xcp_mem_default.obj (.cinit:_xcpMemMainBlocksNumber)
                  003db57d    00000008     ert_main.obj (.cinit)
                  003db585    00000008     xcp_drv_rtiostream.obj (.cinit)
                  003db58d    00000008     xcp_transport.obj (.cinit)
                  003db595    00000005     rts2800_fpu32.lib : _lock.c.obj (.cinit:__lock)
                  003db59a    00000005                       : _lock.c.obj (.cinit:__unlock)
                  003db59f    00000005     xcp_ext_common.obj (.cinit:_xcpCurrentSimulationTimeInTicks)
                  003db5a4    00000005     rtiostream_serial_c28x_ext_xcp.obj (.cinit)
                  003db5a9    00000005     xcp_calibration.obj (.cinit)
                  003db5ae    00000004     MW_c28xGPIO.obj (.cinit)
                  003db5b2    00000004     MW_c28xGlobalInterrupts.obj (.cinit)
                  003db5b6    00000002     --HOLE-- [fill = 0]

.pinit     0    003d8000    00000000     UNINITIALIZED

.econst    0    003db2b2    00000194     
                  003db2b2    00000100     F2806x_PieVect.obj (.econst:_PieVectTableInit)
                  003db3b2    00000048     xcp_daq.obj (.econst:_daqSupportedRxPacket)
                  003db3fa    0000002a     xcp_standard.obj (.econst:_standardSupportedRxPacket)
                  003db424    00000012     blikingled_28069M_launchpad.obj (.econst:.string)
                  003db436    0000000c     xcp_calibration.obj (.econst:_calibrationSupportedRxPacket)
                  003db442    00000004     blikingled_28069M_launchpad.obj (.econst)

.reset     0    003fffc0    00000002     DSECT
                  003fffc0    00000002     rts2800_fpu32.lib : boot28.asm.obj (.reset)

.data      1    0000e000    00000000     UNINITIALIZED

.stack     1    00000002    00000400     UNINITIALIZED
                  00000002    00000400     --HOLE--

codestart 
*          0    003f7ff6    00000002     
                  003f7ff6    00000002     F2806x_CodeStartBranch.obj (codestart)

ramfuncs   0    003d8000    00000093     RUN ADDR = 00008000
                  003d8000    0000004b     rtiostream_serial_c28x_ext_xcp.obj (ramfuncs:retain)
                  003d804b    00000029     datamodify_xcp.obj (ramfuncs)
                  003d8074    0000001b     F2806x_SysCtrl.obj (ramfuncs)
                  003d808f    00000004     F2806x_usDelay.obj (ramfuncs)

FPUmathTables 
*          0    003fd590    000006a0     NOLOAD SECTION
                  003fd590    000006a0     rts2800_fpu32_fast_supplement.lib : FPUmathTables.obj (FPUmathTables)

MODULE SUMMARY

       Module                                 code    initialized data   uninitialized data
       ------                                 ----    ----------------   ------------------
    <current directory>
       F2806x_GlobalVariableDefs.obj          0       0                  3550              
       xcp_daq.obj                            3103    102                24                
       xcp_mem_default.obj                    1146    18                 613               
       xcp.obj                                949     50                 13                
       F2806x_DefaultIsr.obj                  923     0                  0                 
       xcp_transport.obj                      746     8                  16                
       blikingled_28069M_launchpad.obj        463     22                 194               
       xcp_standard.obj                       554     57                 8                 
       xcp_ext_classic_trigger.obj            439     91                 28                
       xcp_frame_serial.obj                   527     20                 5                 
       xcp_ext_common.obj                     404     81                 34                
       rtiostream_serial_c28x_ext_xcp.obj     451     5                  2                 
       F2806x_SysCtrl.obj                     450     0                  0                 
       xcp_ext_mode.obj                       368     0                  4                 
       xcp_drv_rtiostream.obj                 358     8                  2                 
       datamodify_xcp.obj                     267     0                  66                
       MW_c28xGPIO.obj                        321     4                  1                 
       F2806x_PieVect.obj                     38      256                0                 
       xcp_calibration.obj                    212     17                 2                 
       ert_main.obj                           185     8                  4                 
       c2806xSchedulerTimer0.obj              146     0                  0                 
       F2806x_CpuTimers.obj                   118     0                  24                
       xcp_fifo.obj                           95      0                  0                 
       xcp_utils.obj                          90      0                  0                 
       MW_c28xx_board.obj                     61      0                  0                 
       c2806xBoard_Realtime_Support.obj       52      0                  0                 
       blikingled_28069M_launchpad_data.obj   0       27                 24                
       F2806x_PieCtrl.obj                     40      0                  0                 
       xcp_ext_param_default_serial.obj       31      0                  0                 
       MW_c28xGlobalInterrupts.obj            20      4                  1                 
       MW_c28xx_pwm.obj                       19      0                  0                 
       F2806x_CodeStartBranch.obj             10      0                  0                 
       F2806x_usDelay.obj                     8       0                  0                 
       blapp_support.obj                      2       0                  0                 
    +--+--------------------------------------+-------+------------------+--------------------+
       Total:                                 12596   778                4615              
                                                                                           
    C:/ProgramData/MATLAB/tic2000/3P.instrset/tic28xcodegentools.instrset/ti-cgt-c2000_20.2.1.LTS/lib/rts2800_fpu32.lib
       boot28.asm.obj                         86      0                  0                 
       exit.c.obj                             41      14                 6                 
       cpy_tbl.c.obj                          36      0                  0                 
       memcpy.c.obj                           29      0                  0                 
       _lock.c.obj                            9       10                 4                 
       args_main.c.obj                        18      0                  0                 
       u_div28.asm.obj                        11      0                  0                 
       memset.c.obj                           7       0                  0                 
       pre_init.c.obj                         2       0                  0                 
       startup.c.obj                          1       0                  0                 
    +--+--------------------------------------+-------+------------------+--------------------+
       Total:                                 240     24                 10                
                                                                                           
    C:/ti/controlSUITE/libs/math/FPUfastRTS/V100/lib/rts2800_fpu32_fast_supplement.lib
       FPUmathTables.obj                      0       1696               0                 
       atan2_f32.obj                          79      0                  0                 
       atan_f32.obj                           74      0                  0                 
       cos_f32.obj                            52      0                  0                 
       sin_f32.obj                            52      0                  0                 
       sqrt_f32.obj                           33      0                  0                 
    +--+--------------------------------------+-------+------------------+--------------------+
       Total:                                 290     1696               0                 
                                                                                           
       Stack:                                 0       0                  1024              
    +--+--------------------------------------+-------+------------------+--------------------+
       Grand Total:                           13126   2498               5649              


GLOBAL DATA SYMBOLS: SORTED BY DATA PAGE

address     data page           name
--------    ----------------    ----
00000002       0 (00000000)     __stack

00000880      22 (00000880)     _DevEmuRegs

00000985      26 (00000980)     _SysPwrCtrlRegs

00000a80      2a (00000a80)     _FlashRegs

00000ae0      2b (00000ac0)     _CsmRegs

00000b00      2c (00000b00)     _AdcResult

00000c00      30 (00000c00)     _CpuTimer0Regs
00000c08      30 (00000c00)     _CpuTimer1Regs
00000c10      30 (00000c00)     _CpuTimer2Regs

00000ce0      33 (00000cc0)     _PieCtrlRegs

00000d00      34 (00000d00)     _EmuKey
00000d00      34 (00000d00)     _PieVectTable
00000d01      34 (00000d00)     _EmuBMode
00000d02      34 (00000d00)     _Flash_CallbackPtr
00000d04      34 (00000d00)     _Flash_CPUScaleFactor

00001000      40 (00001000)     _DmaRegs

00001400      50 (00001400)     _Cla1Regs

00004000     100 (00004000)     _Usb0Regs

00005000     140 (00005000)     _McbspaRegs

00006000     180 (00006000)     _ECanaRegs

00006040     181 (00006040)     _ECanaLAMRegs

00006080     182 (00006080)     _ECanaMOTSRegs

000060c0     183 (000060c0)     _ECanaMOTORegs

00006100     184 (00006100)     _ECanaMboxes

00006400     190 (00006400)     _Comp1Regs
00006420     190 (00006400)     _Comp2Regs

00006440     191 (00006440)     _Comp3Regs

00006800     1a0 (00006800)     _EPwm1Regs

00006840     1a1 (00006840)     _EPwm2Regs

00006880     1a2 (00006880)     _EPwm3Regs

000068c0     1a3 (000068c0)     _EPwm4Regs

00006900     1a4 (00006900)     _EPwm5Regs

00006940     1a5 (00006940)     _EPwm6Regs

00006980     1a6 (00006980)     _EPwm7Regs

000069c0     1a7 (000069c0)     _EPwm8Regs

00006a00     1a8 (00006a00)     _ECap1Regs
00006a20     1a8 (00006a00)     _ECap2Regs

00006a40     1a9 (00006a40)     _ECap3Regs

00006ac0     1ab (00006ac0)     _HRCap1Regs
00006ae0     1ab (00006ac0)     _HRCap2Regs

00006b00     1ac (00006b00)     _EQep1Regs

00006b40     1ad (00006b40)     _EQep2Regs

00006c80     1b2 (00006c80)     _HRCap3Regs
00006ca0     1b2 (00006c80)     _HRCap4Regs

00006f80     1be (00006f80)     _GpioCtrlRegs

00006fc0     1bf (00006fc0)     _GpioDataRegs
00006fe0     1bf (00006fc0)     _GpioIntRegs

00007010     1c0 (00007000)     _SysCtrlRegs

00007040     1c1 (00007040)     _SpiaRegs
00007050     1c1 (00007040)     _SciaRegs
00007060     1c1 (00007040)     _NmiIntruptRegs
00007070     1c1 (00007040)     _XIntruptRegs

00007100     1c4 (00007100)     _AdcRegs

00007740     1dd (00007740)     _SpibRegs
00007750     1dd (00007740)     _ScibRegs

00007900     1e4 (00007900)     _I2caRegs

0000e1a6     386 (0000e180)     _CpuTimer0
0000e1ae     386 (0000e180)     _CpuTimer1
0000e1b6     386 (0000e180)     _CpuTimer2
0000e1be     386 (0000e180)     __lock

0000e1c0     387 (0000e1c0)     _blikingled_28069M_launchpad_B
0000e1ce     387 (0000e1c0)     _blikingled_28069M_launchpad_DW

0000e2ef     38b (0000e2c0)     _GPIO_oneTimeInit

0000e300     38c (0000e300)     _queRx

0000e37e     38d (0000e340)     __unlock

0000e380     38e (0000e380)     _xcpModelStartRequest
0000e381     38e (0000e380)     _xcpModelStopRequest
0000e382     38e (0000e380)     _xcpModelStatus
0000e383     38e (0000e380)     _xcpExtmodeSimulationComplete
0000e386     38e (0000e380)     _xcpModelChecksum0
0000e388     38e (0000e380)     _xcpModelChecksum1
0000e38a     38e (0000e380)     _xcpModelChecksum2
0000e38c     38e (0000e380)     _xcpModelChecksum3
0000e38e     38e (0000e380)     _xcpModelIntegerCode
0000e390     38e (0000e380)     _xcpExtmodeFinalSimulationTime
0000e392     38e (0000e380)     _xcpDummyDoubleVariable
0000e39e     38e (0000e380)     _xcpClassicTriggerEventId
0000e39f     38e (0000e380)     _xcpClassicTriggerSignalAddressExtension
0000e3a0     38e (0000e380)     _xcpClassicTriggerDirection
0000e3a1     38e (0000e380)     _xcpClassicTriggerArmRequest
0000e3a2     38e (0000e380)     _xcpClassicTriggerCancelRequest
0000e3a3     38e (0000e380)     _xcpClassicTriggerSource
0000e3a4     38e (0000e380)     _xcpClassicTriggerMode
0000e3a5     38e (0000e380)     _xcpClassicTriggerStatus
0000e3ac     38e (0000e380)     _xcpClassicTriggerSignalAddress
0000e3ae     38e (0000e380)     _xcpClassicTriggerLevel
0000e3b0     38e (0000e380)     _xcpClassicTriggerDuration
0000e3b2     38e (0000e380)     _xcpClassicTriggerHoldOff
0000e3b4     38e (0000e380)     _xcpClassicTriggerDelay

0000e3c0     38f (0000e3c0)     _blikingled_28069M_launchpad_P

0000e400     390 (0000e400)     ___TI_enable_exit_profile_output
0000e402     390 (0000e400)     ___TI_cleanup_ptr
0000e404     390 (0000e400)     ___TI_dtors_ptr
0000e414     390 (0000e400)     _xcpCurrentSimulationTimeInTicks
0000e420     390 (0000e400)     _IsrOverrun
0000e422     390 (0000e400)     _stopRequested
0000e423     390 (0000e400)     _runModel
0000e42c     390 (0000e400)     _MW_SCI_PTR
0000e432     390 (0000e400)     _MW_InterruptDisableLock

003d7e80    f5fa (003d7e80)     _PartIdRegs

003db2b2    f6ca (003db280)     _PieVectTableInit

003db444    f6d1 (003db440)     _blikingled_28069M_launchpad_M

003f7ff8    fdff (003f7fc0)     _CsmPwl

003fd590    ff56 (003fd580)     _FPUsinTable

003fd690    ff5a (003fd680)     _FPUcosTable

003fd990    ff66 (003fd980)     _FPUsinTableEnd

003fda92    ff6a (003fda80)     _FPUatan2HalfPITable
003fda92    ff6a (003fda80)     _FPUcosTableEnd
003fda96    ff6a (003fda80)     _FPUatan2Table

003fdc1c    ff70 (003fdc00)     _FPUatan2TableEnd


GLOBAL SYMBOLS: SORTED ALPHABETICALLY BY Name 

page  address   name                                            
----  -------   ----                                            
1     0000e000  .bss                                            
1     0000e000  .data                                           
0     003d8093  .text                                           
0     003db158  C$$EXIT                                         
0     003db289  U$$DIV                                          
0     003db28e  U$$MOD                                          
0     003d959f  _ADCINT1_ISR                                    
0     003d95a9  _ADCINT2_ISR                                    
0     003d97b1  _ADCINT3_ISR                                    
0     003d97bb  _ADCINT4_ISR                                    
0     003d97c5  _ADCINT5_ISR                                    
0     003d97cf  _ADCINT6_ISR                                    
0     003d97d9  _ADCINT7_ISR                                    
0     003d97e3  _ADCINT8_ISR                                    
0     003d95c7  _ADCINT9_ISR                                    
1     00007100  _AdcRegs                                        
1     00000b00  _AdcResult                                      
0     003daca6  _BytePacker16bits                               
0     003dac80  _BytePacker32bits                               
0     003dac5d  _BytePackerInplace32bits                        
0     003d97ed  _CLA1_INT1_ISR                                  
0     003d97f7  _CLA1_INT2_ISR                                  
0     003d9801  _CLA1_INT3_ISR                                  
0     003d980b  _CLA1_INT4_ISR                                  
0     003d9815  _CLA1_INT5_ISR                                  
0     003d981f  _CLA1_INT6_ISR                                  
0     003d9829  _CLA1_INT7_ISR                                  
0     003d9833  _CLA1_INT8_ISR                                  
1     00001400  _Cla1Regs                                       
1     00006400  _Comp1Regs                                      
1     00006420  _Comp2Regs                                      
1     00006440  _Comp3Regs                                      
0     003dae0a  _ConfigCpuTimer                                 
1     0000e1a6  _CpuTimer0                                      
1     00000c00  _CpuTimer0Regs                                  
1     0000e1ae  _CpuTimer1                                      
1     00000c08  _CpuTimer1Regs                                  
1     0000e1b6  _CpuTimer2                                      
1     00000c10  _CpuTimer2Regs                                  
1     003f7ff8  _CsmPwl                                         
1     00000ae0  _CsmRegs                                        
0     003da5be  _CsmUnlock                                      
0     003d94f5  _DATALOG_ISR                                    
0     003d9725  _DINTCH1_ISR                                    
0     003d972f  _DINTCH2_ISR                                    
0     003d9739  _DINTCH3_ISR                                    
0     003d9743  _DINTCH4_ISR                                    
0     003d974d  _DINTCH5_ISR                                    
0     003d9757  _DINTCH6_ISR                                    
0     0000808f  _DSP28x_usDelay                                 
1     00000880  _DevEmuRegs                                     
0     003da4dd  _DisableDog                                     
1     00001000  _DmaRegs                                        
0     003d979d  _ECAN0INTA_ISR                                  
0     003d97a7  _ECAN1INTA_ISR                                  
0     003d9685  _ECAP1_INT_ISR                                  
0     003d968f  _ECAP2_INT_ISR                                  
0     003d9699  _ECAP3_INT_ISR                                  
1     00006040  _ECanaLAMRegs                                   
1     000060c0  _ECanaMOTORegs                                  
1     00006080  _ECanaMOTSRegs                                  
1     00006100  _ECanaMboxes                                    
1     00006000  _ECanaRegs                                      
1     00006a00  _ECap1Regs                                      
1     00006a20  _ECap2Regs                                      
1     00006a40  _ECap3Regs                                      
0     003d985b  _EMPTY_ISR                                      
0     003d9509  _EMUINT_ISR                                     
0     003d9635  _EPWM1_INT_ISR                                  
0     003d95e5  _EPWM1_TZINT_ISR                                
0     003d963f  _EPWM2_INT_ISR                                  
0     003d95ef  _EPWM2_TZINT_ISR                                
0     003d9649  _EPWM3_INT_ISR                                  
0     003d95f9  _EPWM3_TZINT_ISR                                
0     003d9653  _EPWM4_INT_ISR                                  
0     003d9603  _EPWM4_TZINT_ISR                                
0     003d965d  _EPWM5_INT_ISR                                  
0     003d960d  _EPWM5_TZINT_ISR                                
0     003d9667  _EPWM6_INT_ISR                                  
0     003d9617  _EPWM6_TZINT_ISR                                
0     003d9671  _EPWM7_INT_ISR                                  
0     003d9621  _EPWM7_TZINT_ISR                                
0     003d967b  _EPWM8_INT_ISR                                  
0     003d962b  _EPWM8_TZINT_ISR                                
1     00006800  _EPwm1Regs                                      
1     00006840  _EPwm2Regs                                      
1     00006880  _EPwm3Regs                                      
1     000068c0  _EPwm4Regs                                      
1     00006900  _EPwm5Regs                                      
1     00006940  _EPwm6Regs                                      
1     00006980  _EPwm7Regs                                      
1     000069c0  _EPwm8Regs                                      
0     003d96b7  _EQEP1_INT_ISR                                  
0     003d96c1  _EQEP2_INT_ISR                                  
1     00006b00  _EQep1Regs                                      
1     00006b40  _EQep2Regs                                      
1     00000d01  _EmuBMode                                       
1     00000d00  _EmuKey                                         
0     003db1a0  _EnableInterrupts                               
0     003da62f  _ExtOscSel                                      
0     003fda92  _FPUatan2HalfPITable                            
0     003fda96  _FPUatan2Table                                  
0     003fdc1c  _FPUatan2TableEnd                               
0     003fd690  _FPUcosTable                                    
0     003fda92  _FPUcosTableEnd                                 
0     003fd590  _FPUsinTable                                    
0     003fd990  _FPUsinTableEnd                                 
1     00000a80  _FlashRegs                                      
1     00000d04  _Flash_CPUScaleFactor                           
1     00000d02  _Flash_CallbackPtr                              
0     003daa02  _GPIO_ReadPin                                   
0     003da94f  _GPIO_SetupPinMux                               
0     003da98d  _GPIO_SetupPinOptions                           
0     003daa37  _GPIO_TogglePin                                 
0     003daa19  _GPIO_WritePin                                  
1     0000e2ef  _GPIO_oneTimeInit                               
1     00006f80  _GpioCtrlRegs                                   
1     00006fc0  _GpioDataRegs                                   
1     00006fe0  _GpioIntRegs                                    
0     003d96a3  _HRCAP1_INT_ISR                                 
0     003d96ad  _HRCAP2_INT_ISR                                 
0     003d96cb  _HRCAP3_INT_ISR                                 
0     003d96d5  _HRCAP4_INT_ISR                                 
1     00006ac0  _HRCap1Regs                                     
1     00006ae0  _HRCap2Regs                                     
1     00006c80  _HRCap3Regs                                     
1     00006ca0  _HRCap4Regs                                     
0     003d9761  _I2CINT1A_ISR                                   
0     003d976b  _I2CINT2A_ISR                                   
1     00007900  _I2caRegs                                       
0     003d951d  _ILLEGAL_ISR                                    
0     003d94e1  _INT13_ISR                                      
0     003d94eb  _INT14_ISR                                      
0     003dadcf  _InitCpuTimers                                  
0     00008074  _InitFlash                                      
0     003da922  _InitGpio                                       
0     003da568  _InitPeripheralClocks                           
0     003db181  _InitPieCtrl                                    
0     003db1a9  _InitPieVectTable                               
0     003da4e5  _InitPll                                        
0     003da53a  _InitPll2                                       
0     003da4b9  _InitSysCtrl                                    
0     003da5ef  _IntOsc1Sel                                     
0     003da5ff  _IntOsc2Sel                                     
1     0000e420  _IsrOverrun                                     
0     003d9851  _LUF_ISR                                        
0     003d9847  _LVF_ISR                                        
0     003d9711  _MRINTA_ISR                                     
1     0000e432  _MW_InterruptDisableLock                        
1     0000e42c  _MW_SCI_PTR                                     
0     003d971b  _MXINTA_ISR                                     
1     00005000  _McbspaRegs                                     
0     003d9513  _NMI_ISR                                        
1     00007060  _NmiIntruptRegs                                 
0     003da91b  _OneTimeGpioInit                                
0     003d9868  _PIE_RESERVED                                   
1     003d7e80  _PartIdRegs                                     
1     00000ce0  _PieCtrlRegs                                    
1     00000d00  _PieVectTable                                   
0     003db2b2  _PieVectTableInit                               
0     003d94ff  _RTOSINT_ISR                                    
0     003d8093  _RamfuncsLoadEnd                                
0     003d8000  _RamfuncsLoadStart                              
0     00008000  _RamfuncsRunStart                               
0     003d9775  _SCIRXINTA_ISR                                  
0     003d9789  _SCIRXINTB_ISR                                  
0     00008000  _SCIRXINT_isr                                   
0     003d977f  _SCITXINTA_ISR                                  
0     003d9793  _SCITXINTB_ISR                                  
0     003d96e9  _SPIRXINTA_ISR                                  
0     003d96fd  _SPIRXINTB_ISR                                  
0     003d96f3  _SPITXINTA_ISR                                  
0     003d9707  _SPITXINTB_ISR                                  
1     00007050  _SciaRegs                                       
1     00007750  _ScibRegs                                       
0     003da4d3  _ServiceDog                                     
0     003daa4e  _Set_GPIOPin                                    
1     00007040  _SpiaRegs                                       
1     00007740  _SpibRegs                                       
1     00007010  _SysCtrlRegs                                    
1     00000985  _SysPwrCtrlRegs                                 
0     003d95d1  _TINT0_ISR                                      
0     003db03b  _TINT0_isr                                      
0     003d96df  _USB0_INT_ISR                                   
0     003d9581  _USER10_ISR                                     
0     003d958b  _USER11_ISR                                     
0     003d9595  _USER12_ISR                                     
0     003d9527  _USER1_ISR                                      
0     003d9531  _USER2_ISR                                      
0     003d953b  _USER3_ISR                                      
0     003d9545  _USER4_ISR                                      
0     003d954f  _USER5_ISR                                      
0     003d9559  _USER6_ISR                                      
0     003d9563  _USER7_ISR                                      
0     003d956d  _USER8_ISR                                      
0     003d9577  _USER9_ISR                                      
1     00004000  _Usb0Regs                                       
0     003d95db  _WAKEINT_ISR                                    
0     003d95b3  _XINT1_ISR                                      
0     003d95bd  _XINT2_ISR                                      
0     003d983d  _XINT3_ISR                                      
1     00007070  _XIntruptRegs                                   
0     003da613  _XtalOscSel                                     
1     00000402  __STACK_END                                     
abs   00000400  __STACK_SIZE                                    
1     0000e402  ___TI_cleanup_ptr                               
1     0000e404  ___TI_dtors_ptr                                 
1     0000e400  ___TI_enable_exit_profile_output                
abs   ffffffff  ___TI_pprof_out_hndl                            
abs   ffffffff  ___TI_prof_data_size                            
abs   ffffffff  ___TI_prof_data_start                           
abs   ffffffff  ___binit__                                      
1     0000e000  ___bss__                                        
abs   ffffffff  ___c_args__                                     
0     003db446  ___cinit__                                      
1     0000e000  ___data__                                       
1     0000e000  ___edata__                                      
1     0000e000  ___end__                                        
0     003db2b1  ___etext__                                      
abs   ffffffff  ___pinit__                                      
0     003d8093  ___text__                                       
0     003db277  __args_main                                     
1     0000e1be  __lock                                          
0     003db29c  __nop                                           
0     003db298  __register_lock                                 
0     003db294  __register_unlock                               
1     00000002  __stack                                         
0     003db2b0  __system_post_cinit                             
0     003db2ae  __system_pre_init                               
1     0000e37e  __unlock                                        
0     003db158  _abort                                          
0     003dacef  _addElement                                     
0     003daff1  _atan                                           
0     003daf54  _atan2                                          
0     003db0d8  _atan2f                                         
0     003db0d1  _atanf                                          
1     0000e1c0  _blikingled_28069M_launchpad_B                  
1     0000e1ce  _blikingled_28069M_launchpad_DW                 
0     003db444  _blikingled_28069M_launchpad_M                  
1     0000e3c0  _blikingled_28069M_launchpad_P                  
0     003da07d  _blikingled_28069M_launchpad_initialize         
0     003d9f9f  _blikingled_28069M_launchpad_step               
0     003da16d  _blikingled_28069M_launchpad_terminate          
0     003db2ac  _bootloaderBackgroundTask                       
0     003db2ad  _bootloaderInit                                 
0     003db0e1  _c2000_flash_init                               
0     003daefe  _c_int00                                        
0     003db276  _config_ePWMSyncSource                          
0     003db264  _config_ePWM_GPIO                               
0     003db26e  _config_ePWM_TBSync                             
0     003dafa3  _configureTimer0                                
0     003db1cf  _copy_in                                        
0     003db0f0  _cos                                            
0     003db0bc  _cosf                                           
0     0000804b  _deleteElement                                  
0     003dafd0  _disableTimer0Interrupt                         
0     003dafc8  _enableTimer0Interrupt                          
0     003daa5c  _enable_interrupts_sci                          
0     003db15a  _exit                                           
0     003da741  _extmodeBackgroundRun                           
0     003da6fa  _extmodeEvent                                   
0     003da787  _extmodeGetEventTriggerEnable                   
0     003da76a  _extmodeGetFinalSimulationTime                  
0     003da64c  _extmodeInit                                    
0     003da645  _extmodeParseArgs                               
0     003da749  _extmodeReset                                   
0     003da7a1  _extmodeSetEventTriggerEnable                   
0     003da77f  _extmodeSetFinalSimulationTime                  
0     003da766  _extmodeSimulationComplete                      
0     003da762  _extmodeStartRequested                          
0     003da75e  _extmodeStopRequested                           
0     003da6a6  _extmodeWaitForHostRequest                      
0     003d9253  _genericOutputPacketHandler                     
0     003db25c  _globalInterruptDisable                         
0     003db250  _globalInterruptEnable                          
0     003dacc9  _initQue                                        
0     003daac1  _init_SCI_external_mode                         
0     003db07f  _init_board                                     
0     003dacd6  _isEmpty                                        
0     003dace2  _isFull                                         
0     003dad2a  _main                                           
0     003db233  _memcpy                                         
0     003db2a5  _memset                                         
1     0000e300  _queRx                                          
0     003dafe6  _restoreTimer0Interrupt                         
0     003d9872  _rsvd_ISR                                       
0     003daa89  _rtIOStreamClose                                
0     003daa6b  _rtIOStreamOpen                                 
0     003daaab  _rtIOStreamRecv                                 
0     003daa8f  _rtIOStreamSend                                 
0     003daa9d  _rtIOStreamSend8Bits                            
0     003dad16  _rt_OneStep                                     
1     0000e423  _runModel                                       
0     003dab2a  _sci_rcv_external_mode                          
0     003dab68  _sci_xmit_external_mode                         
0     003db124  _sin                                            
0     003db0c3  _sinf                                           
0     003db1f3  _sqrt                                           
0     003db0ca  _sqrtf                                          
1     0000e422  _stopRequested                                  
0     003dac50  _xcpCalibrationGetPacketLookup                  
0     003dac4b  _xcpCalibrationInit                             
0     003dac5c  _xcpCalibrationReset                            
0     003dac54  _xcpCalibrationSetPacketLookup                  
1     0000e3a1  _xcpClassicTriggerArmRequest                    
1     0000e3a2  _xcpClassicTriggerCancelRequest                 
1     0000e3b4  _xcpClassicTriggerDelay                         
1     0000e3a0  _xcpClassicTriggerDirection                     
1     0000e3b0  _xcpClassicTriggerDuration                      
1     0000e39e  _xcpClassicTriggerEventId                       
1     0000e3b2  _xcpClassicTriggerHoldOff                       
1     0000e3ae  _xcpClassicTriggerLevel                         
1     0000e3a4  _xcpClassicTriggerMode                          
1     0000e3ac  _xcpClassicTriggerSignalAddress                 
1     0000e39f  _xcpClassicTriggerSignalAddressExtension        
1     0000e3a3  _xcpClassicTriggerSource                        
1     0000e3a5  _xcpClassicTriggerStatus                        
1     0000e414  _xcpCurrentSimulationTimeInTicks                
0     003d8aa0  _xcpDaqEvent                                    
0     003d8af3  _xcpDaqEventsFlush                              
0     003d8cb0  _xcpDaqExtendedInit                             
0     003d8cb1  _xcpDaqExtendedReset                            
0     003d8c8f  _xcpDaqGetCustomPoolMemoryManager               
0     003d890c  _xcpDaqGetPacketLookup                          
0     003d88fc  _xcpDaqInit                                     
0     003d8bc6  _xcpDaqLock                                     
0     003d8c70  _xcpDaqReset                                    
0     003d8c79  _xcpDaqSetCustomPoolMemoryManager               
0     003d8910  _xcpDaqSetPacketLookup                          
0     003d8bcf  _xcpDaqUnlock                                   
0     003da900  _xcpDrvClose                                    
0     003da7cf  _xcpDrvIoctl                                    
0     003da7b5  _xcpDrvOpen                                     
0     003da850  _xcpDrvRecv                                     
0     003da8bd  _xcpDrvRecvUnknownSize                          
0     003da7e3  _xcpDrvSend                                     
1     0000e392  _xcpDummyDoubleVariable                         
0     003d93c8  _xcpEvent                                       
0     003d93de  _xcpEventExternalTimestamp                      
0     003d93f0  _xcpEventNotificationReq                        
0     003da2a5  _xcpExtModeClassicTriggerEnabled                
0     003da306  _xcpExtModeClassicTriggerForceEnableStatusUpdate
0     003da296  _xcpExtModeClassicTriggerInit                   
0     003da2e6  _xcpExtModeClassicTriggerReset                  
0     003da3e6  _xcpExtModeGetSimulationTime                    
0     003da3c8  _xcpExtModeGetUpdatedTimestamp                  
0     003da3ed  _xcpExtModeInit                                 
0     003db214  _xcpExtModeParseArgs                            
0     003da472  _xcpExtModeReset                                
0     003da415  _xcpExtModeRunBackground                        
0     003da3c1  _xcpExtModeUpdateTime                           
1     0000e390  _xcpExtmodeFinalSimulationTime                  
1     0000e383  _xcpExtmodeSimulationComplete                   
0     003dae5d  _xcpFifoDequeue                                 
0     003dae95  _xcpFifoEmpty                                   
0     003dae4e  _xcpFifoEnqueue                                 
0     003dae70  _xcpFifoEnqueueHead                             
0     003dae45  _xcpFifoInit                                    
0     003dae9e  _xcpFifoReset                                   
0     003dae7f  _xcpFifoSpliceHead                              
0     003d92e9  _xcpFindPacket                                  
0     003d9ed6  _xcpFrameCreateMsg                              
0     003d9f04  _xcpFrameExtractPacket                          
0     003d9f72  _xcpFrameHeaderSize                             
0     003d9db5  _xcpFrameInit                                   
0     003d9f7a  _xcpFrameMaxCtoSize                             
0     003d9f76  _xcpFrameMaxDtoSize                             
0     003d9e4d  _xcpFrameMsgRecv                                
0     003d9dcf  _xcpFrameMsgSend                                
0     003d9f8a  _xcpFrameReset                                  
0     003d9f7c  _xcpFrameRestart                                
0     003d9f83  _xcpFrameSetCtoReservedMemPoolId                
0     003d9f74  _xcpFrameTailSize                               
0     003d94c2  _xcpGetCustomPoolMemoryManager                  
0     003db226  _xcpGetInitParameters                           
0     003d94a6  _xcpGetStatus                                   
0     003da3cf  _xcpGetTimestamp                                
0     003d930d  _xcpInit                                        
0     003d8da4  _xcpMemAlloc                                    
0     003d9075  _xcpMemAllocFromPool                            
0     003d8fec  _xcpMemCustomPoolCreate                         
0     003d9044  _xcpMemCustomPoolDestroy                        
0     003d8e0f  _xcpMemFree                                     
0     003d8ce3  _xcpMemInit                                     
0     003d8ea0  _xcpMemReservedPoolCreate                       
0     003d8f68  _xcpMemReservedPoolDestroy                      
0     003d9112  _xcpMemReset                                    
1     0000e386  _xcpModelChecksum0                              
1     0000e388  _xcpModelChecksum1                              
1     0000e38a  _xcpModelChecksum2                              
1     0000e38c  _xcpModelChecksum3                              
1     0000e38e  _xcpModelIntegerCode                            
1     0000e380  _xcpModelStartRequest                           
1     0000e382  _xcpModelStatus                                 
1     0000e381  _xcpModelStopRequest                            
0     003d94d5  _xcpPackedModeEventReset                        
0     003d94ce  _xcpPackedModeEventsFlush                       
0     003d944b  _xcpRemoteServiceReq                            
0     003d94aa  _xcpReset                                       
0     003d8bd3  _xcpResetDaqListStatus                          
0     003d9240  _xcpResourceProtectionClearMask                 
0     003d9236  _xcpResourceProtectionSetMask                   
0     003d922b  _xcpResourceProtectionStatusGet                 
0     003d922f  _xcpResourceProtectionStatusSet                 
0     003d9333  _xcpRun                                         
0     003d9248  _xcpSessionConfigurationIdGet                   
0     003d924c  _xcpSessionConfigurationIdSet                   
0     003d9223  _xcpSessionStatusClearMask                      
0     003d920e  _xcpSessionStatusGet                            
0     003d9212  _xcpSessionStatusSet                            
0     003d9219  _xcpSessionStatusSetMask                        
0     003d94b9  _xcpSetCustomPoolMemoryManager                  
0     003daea4  _xcpSortArray                                   
0     003d9d8e  _xcpStandardExtendedInit                        
0     003d9d8f  _xcpStandardExtendedReset                       
0     003d9d63  _xcpStandardGetAddressFromMta                   
0     003d9d79  _xcpStandardGetMta                              
0     003d9d51  _xcpStandardGetPacketLookup                     
0     003d9d85  _xcpStandardIncrementMta                        
0     003d9d4a  _xcpStandardInit                                
0     003d9d5d  _xcpStandardReset                               
0     003d9d67  _xcpStandardSetMta                              
0     003d9d55  _xcpStandardSetPacketLookup                     
0     003d9203  _xcpStatusGet                                   
0     003d9207  _xcpStatusSet                                   
0     003d9d9a  _xcpSxiChecksum                                 
0     003d9b22  _xcpTransportCtoReservedMemPoolId               
0     003db219  _xcpTransportGetInitParameters                  
0     003d98e2  _xcpTransportInit                               
0     003d9b05  _xcpTransportMaxCtoSize                         
0     003d9b02  _xcpTransportMaxDtoSize                         
0     003d9ad9  _xcpTransportMsgBufferSize                      
0     003d9acd  _xcpTransportPacketOffset                       
0     003d9b26  _xcpTransportReset                              
0     003d9b08  _xcpTransportRestart                            
0     003d9b16  _xcpTransportResynch                            
0     003d9a2f  _xcpTransportRx                                 
0     003d9a66  _xcpTransportRxPacketGet                        
0     003d99b4  _xcpTransportTx                                 
0     003d9948  _xcpTransportTxPacketSet                        
0     003d993c  _xcpTransportTxReady                            
0     003d9942  _xcpTransportTxTrigger                          
0     003da325  _xcp_void_printf                                
abs   ffffffff  binit                                           
0     003db446  cinit                                           
0     003f7ff6  code_start                                      
1     0000e000  edata                                           
1     0000e000  end                                             
0     003db2b1  etext                                           
abs   ffffffff  pinit                                           


GLOBAL SYMBOLS: SORTED BY Symbol Address 

page  address   name                                            
----  -------   ----                                            
0     00008000  _RamfuncsRunStart                               
0     00008000  _SCIRXINT_isr                                   
0     0000804b  _deleteElement                                  
0     00008074  _InitFlash                                      
0     0000808f  _DSP28x_usDelay                                 
0     003d8000  _RamfuncsLoadStart                              
0     003d8093  .text                                           
0     003d8093  _RamfuncsLoadEnd                                
0     003d8093  ___text__                                       
0     003d88fc  _xcpDaqInit                                     
0     003d890c  _xcpDaqGetPacketLookup                          
0     003d8910  _xcpDaqSetPacketLookup                          
0     003d8aa0  _xcpDaqEvent                                    
0     003d8af3  _xcpDaqEventsFlush                              
0     003d8bc6  _xcpDaqLock                                     
0     003d8bcf  _xcpDaqUnlock                                   
0     003d8bd3  _xcpResetDaqListStatus                          
0     003d8c70  _xcpDaqReset                                    
0     003d8c79  _xcpDaqSetCustomPoolMemoryManager               
0     003d8c8f  _xcpDaqGetCustomPoolMemoryManager               
0     003d8cb0  _xcpDaqExtendedInit                             
0     003d8cb1  _xcpDaqExtendedReset                            
0     003d8ce3  _xcpMemInit                                     
0     003d8da4  _xcpMemAlloc                                    
0     003d8e0f  _xcpMemFree                                     
0     003d8ea0  _xcpMemReservedPoolCreate                       
0     003d8f68  _xcpMemReservedPoolDestroy                      
0     003d8fec  _xcpMemCustomPoolCreate                         
0     003d9044  _xcpMemCustomPoolDestroy                        
0     003d9075  _xcpMemAllocFromPool                            
0     003d9112  _xcpMemReset                                    
0     003d9203  _xcpStatusGet                                   
0     003d9207  _xcpStatusSet                                   
0     003d920e  _xcpSessionStatusGet                            
0     003d9212  _xcpSessionStatusSet                            
0     003d9219  _xcpSessionStatusSetMask                        
0     003d9223  _xcpSessionStatusClearMask                      
0     003d922b  _xcpResourceProtectionStatusGet                 
0     003d922f  _xcpResourceProtectionStatusSet                 
0     003d9236  _xcpResourceProtectionSetMask                   
0     003d9240  _xcpResourceProtectionClearMask                 
0     003d9248  _xcpSessionConfigurationIdGet                   
0     003d924c  _xcpSessionConfigurationIdSet                   
0     003d9253  _genericOutputPacketHandler                     
0     003d92e9  _xcpFindPacket                                  
0     003d930d  _xcpInit                                        
0     003d9333  _xcpRun                                         
0     003d93c8  _xcpEvent                                       
0     003d93de  _xcpEventExternalTimestamp                      
0     003d93f0  _xcpEventNotificationReq                        
0     003d944b  _xcpRemoteServiceReq                            
0     003d94a6  _xcpGetStatus                                   
0     003d94aa  _xcpReset                                       
0     003d94b9  _xcpSetCustomPoolMemoryManager                  
0     003d94c2  _xcpGetCustomPoolMemoryManager                  
0     003d94ce  _xcpPackedModeEventsFlush                       
0     003d94d5  _xcpPackedModeEventReset                        
0     003d94e1  _INT13_ISR                                      
0     003d94eb  _INT14_ISR                                      
0     003d94f5  _DATALOG_ISR                                    
0     003d94ff  _RTOSINT_ISR                                    
0     003d9509  _EMUINT_ISR                                     
0     003d9513  _NMI_ISR                                        
0     003d951d  _ILLEGAL_ISR                                    
0     003d9527  _USER1_ISR                                      
0     003d9531  _USER2_ISR                                      
0     003d953b  _USER3_ISR                                      
0     003d9545  _USER4_ISR                                      
0     003d954f  _USER5_ISR                                      
0     003d9559  _USER6_ISR                                      
0     003d9563  _USER7_ISR                                      
0     003d956d  _USER8_ISR                                      
0     003d9577  _USER9_ISR                                      
0     003d9581  _USER10_ISR                                     
0     003d958b  _USER11_ISR                                     
0     003d9595  _USER12_ISR                                     
0     003d959f  _ADCINT1_ISR                                    
0     003d95a9  _ADCINT2_ISR                                    
0     003d95b3  _XINT1_ISR                                      
0     003d95bd  _XINT2_ISR                                      
0     003d95c7  _ADCINT9_ISR                                    
0     003d95d1  _TINT0_ISR                                      
0     003d95db  _WAKEINT_ISR                                    
0     003d95e5  _EPWM1_TZINT_ISR                                
0     003d95ef  _EPWM2_TZINT_ISR                                
0     003d95f9  _EPWM3_TZINT_ISR                                
0     003d9603  _EPWM4_TZINT_ISR                                
0     003d960d  _EPWM5_TZINT_ISR                                
0     003d9617  _EPWM6_TZINT_ISR                                
0     003d9621  _EPWM7_TZINT_ISR                                
0     003d962b  _EPWM8_TZINT_ISR                                
0     003d9635  _EPWM1_INT_ISR                                  
0     003d963f  _EPWM2_INT_ISR                                  
0     003d9649  _EPWM3_INT_ISR                                  
0     003d9653  _EPWM4_INT_ISR                                  
0     003d965d  _EPWM5_INT_ISR                                  
0     003d9667  _EPWM6_INT_ISR                                  
0     003d9671  _EPWM7_INT_ISR                                  
0     003d967b  _EPWM8_INT_ISR                                  
0     003d9685  _ECAP1_INT_ISR                                  
0     003d968f  _ECAP2_INT_ISR                                  
0     003d9699  _ECAP3_INT_ISR                                  
0     003d96a3  _HRCAP1_INT_ISR                                 
0     003d96ad  _HRCAP2_INT_ISR                                 
0     003d96b7  _EQEP1_INT_ISR                                  
0     003d96c1  _EQEP2_INT_ISR                                  
0     003d96cb  _HRCAP3_INT_ISR                                 
0     003d96d5  _HRCAP4_INT_ISR                                 
0     003d96df  _USB0_INT_ISR                                   
0     003d96e9  _SPIRXINTA_ISR                                  
0     003d96f3  _SPITXINTA_ISR                                  
0     003d96fd  _SPIRXINTB_ISR                                  
0     003d9707  _SPITXINTB_ISR                                  
0     003d9711  _MRINTA_ISR                                     
0     003d971b  _MXINTA_ISR                                     
0     003d9725  _DINTCH1_ISR                                    
0     003d972f  _DINTCH2_ISR                                    
0     003d9739  _DINTCH3_ISR                                    
0     003d9743  _DINTCH4_ISR                                    
0     003d974d  _DINTCH5_ISR                                    
0     003d9757  _DINTCH6_ISR                                    
0     003d9761  _I2CINT1A_ISR                                   
0     003d976b  _I2CINT2A_ISR                                   
0     003d9775  _SCIRXINTA_ISR                                  
0     003d977f  _SCITXINTA_ISR                                  
0     003d9789  _SCIRXINTB_ISR                                  
0     003d9793  _SCITXINTB_ISR                                  
0     003d979d  _ECAN0INTA_ISR                                  
0     003d97a7  _ECAN1INTA_ISR                                  
0     003d97b1  _ADCINT3_ISR                                    
0     003d97bb  _ADCINT4_ISR                                    
0     003d97c5  _ADCINT5_ISR                                    
0     003d97cf  _ADCINT6_ISR                                    
0     003d97d9  _ADCINT7_ISR                                    
0     003d97e3  _ADCINT8_ISR                                    
0     003d97ed  _CLA1_INT1_ISR                                  
0     003d97f7  _CLA1_INT2_ISR                                  
0     003d9801  _CLA1_INT3_ISR                                  
0     003d980b  _CLA1_INT4_ISR                                  
0     003d9815  _CLA1_INT5_ISR                                  
0     003d981f  _CLA1_INT6_ISR                                  
0     003d9829  _CLA1_INT7_ISR                                  
0     003d9833  _CLA1_INT8_ISR                                  
0     003d983d  _XINT3_ISR                                      
0     003d9847  _LVF_ISR                                        
0     003d9851  _LUF_ISR                                        
0     003d985b  _EMPTY_ISR                                      
0     003d9868  _PIE_RESERVED                                   
0     003d9872  _rsvd_ISR                                       
0     003d98e2  _xcpTransportInit                               
0     003d993c  _xcpTransportTxReady                            
0     003d9942  _xcpTransportTxTrigger                          
0     003d9948  _xcpTransportTxPacketSet                        
0     003d99b4  _xcpTransportTx                                 
0     003d9a2f  _xcpTransportRx                                 
0     003d9a66  _xcpTransportRxPacketGet                        
0     003d9acd  _xcpTransportPacketOffset                       
0     003d9ad9  _xcpTransportMsgBufferSize                      
0     003d9b02  _xcpTransportMaxDtoSize                         
0     003d9b05  _xcpTransportMaxCtoSize                         
0     003d9b08  _xcpTransportRestart                            
0     003d9b16  _xcpTransportResynch                            
0     003d9b22  _xcpTransportCtoReservedMemPoolId               
0     003d9b26  _xcpTransportReset                              
0     003d9d4a  _xcpStandardInit                                
0     003d9d51  _xcpStandardGetPacketLookup                     
0     003d9d55  _xcpStandardSetPacketLookup                     
0     003d9d5d  _xcpStandardReset                               
0     003d9d63  _xcpStandardGetAddressFromMta                   
0     003d9d67  _xcpStandardSetMta                              
0     003d9d79  _xcpStandardGetMta                              
0     003d9d85  _xcpStandardIncrementMta                        
0     003d9d8e  _xcpStandardExtendedInit                        
0     003d9d8f  _xcpStandardExtendedReset                       
0     003d9d9a  _xcpSxiChecksum                                 
0     003d9db5  _xcpFrameInit                                   
0     003d9dcf  _xcpFrameMsgSend                                
0     003d9e4d  _xcpFrameMsgRecv                                
0     003d9ed6  _xcpFrameCreateMsg                              
0     003d9f04  _xcpFrameExtractPacket                          
0     003d9f72  _xcpFrameHeaderSize                             
0     003d9f74  _xcpFrameTailSize                               
0     003d9f76  _xcpFrameMaxDtoSize                             
0     003d9f7a  _xcpFrameMaxCtoSize                             
0     003d9f7c  _xcpFrameRestart                                
0     003d9f83  _xcpFrameSetCtoReservedMemPoolId                
0     003d9f8a  _xcpFrameReset                                  
0     003d9f9f  _blikingled_28069M_launchpad_step               
0     003da07d  _blikingled_28069M_launchpad_initialize         
0     003da16d  _blikingled_28069M_launchpad_terminate          
0     003da296  _xcpExtModeClassicTriggerInit                   
0     003da2a5  _xcpExtModeClassicTriggerEnabled                
0     003da2e6  _xcpExtModeClassicTriggerReset                  
0     003da306  _xcpExtModeClassicTriggerForceEnableStatusUpdate
0     003da325  _xcp_void_printf                                
0     003da3c1  _xcpExtModeUpdateTime                           
0     003da3c8  _xcpExtModeGetUpdatedTimestamp                  
0     003da3cf  _xcpGetTimestamp                                
0     003da3e6  _xcpExtModeGetSimulationTime                    
0     003da3ed  _xcpExtModeInit                                 
0     003da415  _xcpExtModeRunBackground                        
0     003da472  _xcpExtModeReset                                
0     003da4b9  _InitSysCtrl                                    
0     003da4d3  _ServiceDog                                     
0     003da4dd  _DisableDog                                     
0     003da4e5  _InitPll                                        
0     003da53a  _InitPll2                                       
0     003da568  _InitPeripheralClocks                           
0     003da5be  _CsmUnlock                                      
0     003da5ef  _IntOsc1Sel                                     
0     003da5ff  _IntOsc2Sel                                     
0     003da613  _XtalOscSel                                     
0     003da62f  _ExtOscSel                                      
0     003da645  _extmodeParseArgs                               
0     003da64c  _extmodeInit                                    
0     003da6a6  _extmodeWaitForHostRequest                      
0     003da6fa  _extmodeEvent                                   
0     003da741  _extmodeBackgroundRun                           
0     003da749  _extmodeReset                                   
0     003da75e  _extmodeStopRequested                           
0     003da762  _extmodeStartRequested                          
0     003da766  _extmodeSimulationComplete                      
0     003da76a  _extmodeGetFinalSimulationTime                  
0     003da77f  _extmodeSetFinalSimulationTime                  
0     003da787  _extmodeGetEventTriggerEnable                   
0     003da7a1  _extmodeSetEventTriggerEnable                   
0     003da7b5  _xcpDrvOpen                                     
0     003da7cf  _xcpDrvIoctl                                    
0     003da7e3  _xcpDrvSend                                     
0     003da850  _xcpDrvRecv                                     
0     003da8bd  _xcpDrvRecvUnknownSize                          
0     003da900  _xcpDrvClose                                    
0     003da91b  _OneTimeGpioInit                                
0     003da922  _InitGpio                                       
0     003da94f  _GPIO_SetupPinMux                               
0     003da98d  _GPIO_SetupPinOptions                           
0     003daa02  _GPIO_ReadPin                                   
0     003daa19  _GPIO_WritePin                                  
0     003daa37  _GPIO_TogglePin                                 
0     003daa4e  _Set_GPIOPin                                    
0     003daa5c  _enable_interrupts_sci                          
0     003daa6b  _rtIOStreamOpen                                 
0     003daa89  _rtIOStreamClose                                
0     003daa8f  _rtIOStreamSend                                 
0     003daa9d  _rtIOStreamSend8Bits                            
0     003daaab  _rtIOStreamRecv                                 
0     003daac1  _init_SCI_external_mode                         
0     003dab2a  _sci_rcv_external_mode                          
0     003dab68  _sci_xmit_external_mode                         
0     003dac4b  _xcpCalibrationInit                             
0     003dac50  _xcpCalibrationGetPacketLookup                  
0     003dac54  _xcpCalibrationSetPacketLookup                  
0     003dac5c  _xcpCalibrationReset                            
0     003dac5d  _BytePackerInplace32bits                        
0     003dac80  _BytePacker32bits                               
0     003daca6  _BytePacker16bits                               
0     003dacc9  _initQue                                        
0     003dacd6  _isEmpty                                        
0     003dace2  _isFull                                         
0     003dacef  _addElement                                     
0     003dad16  _rt_OneStep                                     
0     003dad2a  _main                                           
0     003dadcf  _InitCpuTimers                                  
0     003dae0a  _ConfigCpuTimer                                 
0     003dae45  _xcpFifoInit                                    
0     003dae4e  _xcpFifoEnqueue                                 
0     003dae5d  _xcpFifoDequeue                                 
0     003dae70  _xcpFifoEnqueueHead                             
0     003dae7f  _xcpFifoSpliceHead                              
0     003dae95  _xcpFifoEmpty                                   
0     003dae9e  _xcpFifoReset                                   
0     003daea4  _xcpSortArray                                   
0     003daefe  _c_int00                                        
0     003daf54  _atan2                                          
0     003dafa3  _configureTimer0                                
0     003dafc8  _enableTimer0Interrupt                          
0     003dafd0  _disableTimer0Interrupt                         
0     003dafe6  _restoreTimer0Interrupt                         
0     003daff1  _atan                                           
0     003db03b  _TINT0_isr                                      
0     003db07f  _init_board                                     
0     003db0bc  _cosf                                           
0     003db0c3  _sinf                                           
0     003db0ca  _sqrtf                                          
0     003db0d1  _atanf                                          
0     003db0d8  _atan2f                                         
0     003db0e1  _c2000_flash_init                               
0     003db0f0  _cos                                            
0     003db124  _sin                                            
0     003db158  C$$EXIT                                         
0     003db158  _abort                                          
0     003db15a  _exit                                           
0     003db181  _InitPieCtrl                                    
0     003db1a0  _EnableInterrupts                               
0     003db1a9  _InitPieVectTable                               
0     003db1cf  _copy_in                                        
0     003db1f3  _sqrt                                           
0     003db214  _xcpExtModeParseArgs                            
0     003db219  _xcpTransportGetInitParameters                  
0     003db226  _xcpGetInitParameters                           
0     003db233  _memcpy                                         
0     003db250  _globalInterruptEnable                          
0     003db25c  _globalInterruptDisable                         
0     003db264  _config_ePWM_GPIO                               
0     003db26e  _config_ePWM_TBSync                             
0     003db276  _config_ePWMSyncSource                          
0     003db277  __args_main                                     
0     003db289  U$$DIV                                          
0     003db28e  U$$MOD                                          
0     003db294  __register_unlock                               
0     003db298  __register_lock                                 
0     003db29c  __nop                                           
0     003db2a5  _memset                                         
0     003db2ac  _bootloaderBackgroundTask                       
0     003db2ad  _bootloaderInit                                 
0     003db2ae  __system_pre_init                               
0     003db2b0  __system_post_cinit                             
0     003db2b1  ___etext__                                      
0     003db2b1  etext                                           
0     003db2b2  _PieVectTableInit                               
0     003db444  _blikingled_28069M_launchpad_M                  
0     003db446  ___cinit__                                      
0     003db446  cinit                                           
0     003f7ff6  code_start                                      
0     003fd590  _FPUsinTable                                    
0     003fd690  _FPUcosTable                                    
0     003fd990  _FPUsinTableEnd                                 
0     003fda92  _FPUatan2HalfPITable                            
0     003fda92  _FPUcosTableEnd                                 
0     003fda96  _FPUatan2Table                                  
0     003fdc1c  _FPUatan2TableEnd                               
1     00000002  __stack                                         
1     00000402  __STACK_END                                     
1     00000880  _DevEmuRegs                                     
1     00000985  _SysPwrCtrlRegs                                 
1     00000a80  _FlashRegs                                      
1     00000ae0  _CsmRegs                                        
1     00000b00  _AdcResult                                      
1     00000c00  _CpuTimer0Regs                                  
1     00000c08  _CpuTimer1Regs                                  
1     00000c10  _CpuTimer2Regs                                  
1     00000ce0  _PieCtrlRegs                                    
1     00000d00  _EmuKey                                         
1     00000d00  _PieVectTable                                   
1     00000d01  _EmuBMode                                       
1     00000d02  _Flash_CallbackPtr                              
1     00000d04  _Flash_CPUScaleFactor                           
1     00001000  _DmaRegs                                        
1     00001400  _Cla1Regs                                       
1     00004000  _Usb0Regs                                       
1     00005000  _McbspaRegs                                     
1     00006000  _ECanaRegs                                      
1     00006040  _ECanaLAMRegs                                   
1     00006080  _ECanaMOTSRegs                                  
1     000060c0  _ECanaMOTORegs                                  
1     00006100  _ECanaMboxes                                    
1     00006400  _Comp1Regs                                      
1     00006420  _Comp2Regs                                      
1     00006440  _Comp3Regs                                      
1     00006800  _EPwm1Regs                                      
1     00006840  _EPwm2Regs                                      
1     00006880  _EPwm3Regs                                      
1     000068c0  _EPwm4Regs                                      
1     00006900  _EPwm5Regs                                      
1     00006940  _EPwm6Regs                                      
1     00006980  _EPwm7Regs                                      
1     000069c0  _EPwm8Regs                                      
1     00006a00  _ECap1Regs                                      
1     00006a20  _ECap2Regs                                      
1     00006a40  _ECap3Regs                                      
1     00006ac0  _HRCap1Regs                                     
1     00006ae0  _HRCap2Regs                                     
1     00006b00  _EQep1Regs                                      
1     00006b40  _EQep2Regs                                      
1     00006c80  _HRCap3Regs                                     
1     00006ca0  _HRCap4Regs                                     
1     00006f80  _GpioCtrlRegs                                   
1     00006fc0  _GpioDataRegs                                   
1     00006fe0  _GpioIntRegs                                    
1     00007010  _SysCtrlRegs                                    
1     00007040  _SpiaRegs                                       
1     00007050  _SciaRegs                                       
1     00007060  _NmiIntruptRegs                                 
1     00007070  _XIntruptRegs                                   
1     00007100  _AdcRegs                                        
1     00007740  _SpibRegs                                       
1     00007750  _ScibRegs                                       
1     00007900  _I2caRegs                                       
1     0000e000  .bss                                            
1     0000e000  .data                                           
1     0000e000  ___bss__                                        
1     0000e000  ___data__                                       
1     0000e000  ___edata__                                      
1     0000e000  ___end__                                        
1     0000e000  edata                                           
1     0000e000  end                                             
1     0000e1a6  _CpuTimer0                                      
1     0000e1ae  _CpuTimer1                                      
1     0000e1b6  _CpuTimer2                                      
1     0000e1be  __lock                                          
1     0000e1c0  _blikingled_28069M_launchpad_B                  
1     0000e1ce  _blikingled_28069M_launchpad_DW                 
1     0000e2ef  _GPIO_oneTimeInit                               
1     0000e300  _queRx                                          
1     0000e37e  __unlock                                        
1     0000e380  _xcpModelStartRequest                           
1     0000e381  _xcpModelStopRequest                            
1     0000e382  _xcpModelStatus                                 
1     0000e383  _xcpExtmodeSimulationComplete                   
1     0000e386  _xcpModelChecksum0                              
1     0000e388  _xcpModelChecksum1                              
1     0000e38a  _xcpModelChecksum2                              
1     0000e38c  _xcpModelChecksum3                              
1     0000e38e  _xcpModelIntegerCode                            
1     0000e390  _xcpExtmodeFinalSimulationTime                  
1     0000e392  _xcpDummyDoubleVariable                         
1     0000e39e  _xcpClassicTriggerEventId                       
1     0000e39f  _xcpClassicTriggerSignalAddressExtension        
1     0000e3a0  _xcpClassicTriggerDirection                     
1     0000e3a1  _xcpClassicTriggerArmRequest                    
1     0000e3a2  _xcpClassicTriggerCancelRequest                 
1     0000e3a3  _xcpClassicTriggerSource                        
1     0000e3a4  _xcpClassicTriggerMode                          
1     0000e3a5  _xcpClassicTriggerStatus                        
1     0000e3ac  _xcpClassicTriggerSignalAddress                 
1     0000e3ae  _xcpClassicTriggerLevel                         
1     0000e3b0  _xcpClassicTriggerDuration                      
1     0000e3b2  _xcpClassicTriggerHoldOff                       
1     0000e3b4  _xcpClassicTriggerDelay                         
1     0000e3c0  _blikingled_28069M_launchpad_P                  
1     0000e400  ___TI_enable_exit_profile_output                
1     0000e402  ___TI_cleanup_ptr                               
1     0000e404  ___TI_dtors_ptr                                 
1     0000e414  _xcpCurrentSimulationTimeInTicks                
1     0000e420  _IsrOverrun                                     
1     0000e422  _stopRequested                                  
1     0000e423  _runModel                                       
1     0000e42c  _MW_SCI_PTR                                     
1     0000e432  _MW_InterruptDisableLock                        
1     003d7e80  _PartIdRegs                                     
1     003f7ff8  _CsmPwl                                         
abs   00000400  __STACK_SIZE                                    
abs   ffffffff  ___TI_pprof_out_hndl                            
abs   ffffffff  ___TI_prof_data_size                            
abs   ffffffff  ___TI_prof_data_start                           
abs   ffffffff  ___binit__                                      
abs   ffffffff  ___c_args__                                     
abs   ffffffff  ___pinit__                                      
abs   ffffffff  binit                                           
abs   ffffffff  pinit                                           

[450 symbols]
