******************************************************************************
             TMS320C2000 Linker PC v20.2.1                     
******************************************************************************
>> Linked Mon Mar  4 15:44:13 2024

OUTPUT FILE NAME:   <../blikingled_28069M_launchpad.out>
ENTRY POINT SYMBOL: "_c_int00"  address: 003dae71


MEMORY CONFIGURATION

         name            origin    length      used     unused   attr    fill
----------------------  --------  ---------  --------  --------  ----  --------
PAGE 0:
  BEGINRAM              00000000   00000002  00000000  00000002  RWIX
  PRAM                  00008000   00006000  00000093  00005f6d  RWIX
  OTP                   003d7800   000003fa  00000000  000003fa  RWIX
  FLASH                 003d8000   0001fff0  00003513  0001cadd  RWIX
  BEGINFLASH            003f7ff6   00000002  00000002  00000000  RWIX
  CSM_PWL               003f7ff8   00000008  00000000  00000008  RWIX
  FPUTABLES             003fd590   000006a0  000006a0  00000000  RWIX
  IQTABLES              003fdc30   00000b50  00000000  00000b50  RWIX
  IQTABLES2             003fe780   0000008c  00000000  0000008c  RWIX
  IQTABLES3             003fe80c   000000aa  00000000  000000aa  RWIX
  BOOTROM               003ff3b0   00000c10  00000000  00000c10  RWIX
  RESET                 003fffc0   00000002  00000000  00000002  RWIX
  VECTORS               003fffc2   0000003e  00000000  0000003e  RWIX

PAGE 1:
  RAMM0M1               00000002   000007fe  00000400  000003fe  RWIX
  DEV_EMU               00000880   00000105  00000004  00000101  RWIX
  SYS_PWR_CTL           00000985   00000003  00000003  00000000  RWIX
  FLASH_REGS            00000a80   00000060  00000008  00000058  RWIX
  CSM                   00000ae0   00000020  00000010  00000010  RWIX
  ADC_RESULT            00000b00   00000020  00000010  00000010  RWIX
  CPU_TIMER0            00000c00   00000008  00000008  00000000  RWIX
  CPU_TIMER1            00000c08   00000008  00000008  00000000  RWIX
  CPU_TIMER2            00000c10   00000008  00000008  00000000  RWIX
  PIE_CTRL              00000ce0   00000020  0000001a  00000006  RWIX
  PIE_VECT              00000d00   00000100  00000100  00000000  RWIX
  DMA                   00001000   00000200  000000e0  00000120  RWIX
  CLA1                  00001400   00000080  00000040  00000040  RWIX
  USB0                  00004000   00001000  00000454  00000bac  RWIX
  McBSPA                00005000   00000040  00000024  0000001c  RWIX
  ECANA                 00006000   00000040  00000034  0000000c  RWIX
  ECANA_LAM             00006040   00000040  00000040  00000000  RWIX
  ECANA_MOTS            00006080   00000040  00000040  00000000  RWIX
  ECANA_MOTO            000060c0   00000040  00000040  00000000  RWIX
  ECANA_MBOX            00006100   00000100  00000100  00000000  RWIX
  COMP1                 00006400   00000020  00000014  0000000c  RWIX
  COMP2                 00006420   00000020  00000014  0000000c  RWIX
  COMP3                 00006440   00000020  00000014  0000000c  RWIX
  EPWM1                 00006800   00000040  00000040  00000000  RWIX
  EPWM2                 00006840   00000040  00000040  00000000  RWIX
  EPWM3                 00006880   00000040  00000040  00000000  RWIX
  EPWM4                 000068c0   00000040  00000040  00000000  RWIX
  EPWM5                 00006900   00000040  00000040  00000000  RWIX
  EPWM6                 00006940   00000040  00000040  00000000  RWIX
  EPWM7                 00006980   00000040  00000040  00000000  RWIX
  EPWM8                 000069c0   00000040  00000040  00000000  RWIX
  ECAP1                 00006a00   00000020  00000020  00000000  RWIX
  ECAP2                 00006a20   00000020  00000020  00000000  RWIX
  ECAP3                 00006a40   00000020  00000020  00000000  RWIX
  HRCAP1                00006ac0   00000020  00000020  00000000  RWIX
  HRCAP2                00006ae0   00000020  00000020  00000000  RWIX
  EQEP1                 00006b00   00000040  00000022  0000001e  RWIX
  EQEP2                 00006b40   00000040  00000022  0000001e  RWIX
  HRCAP3                00006c80   00000020  00000020  00000000  RWIX
  HRCAP4                00006ca0   00000020  00000020  00000000  RWIX
  GPIOCTRL              00006f80   00000040  00000040  00000000  RWIX
  GPIODAT               00006fc0   00000020  00000020  00000000  RWIX
  GPIOINT               00006fe0   00000020  00000020  00000000  RWIX
  SYSTEM                00007010   00000030  00000030  00000000  RWIX
  SPIA                  00007040   00000010  00000010  00000000  RWIX
  SCIA                  00007050   00000010  00000010  00000000  RWIX
  NMIINTRUPT            00007060   00000010  00000010  00000000  RWIX
  XINTRUPT              00007070   00000010  00000010  00000000  RWIX
  ADC                   00007100   00000080  00000050  00000030  RWIX
  SPIB                  00007740   00000010  00000010  00000000  RWIX
  SCIB                  00007750   00000010  00000010  00000000  RWIX
  I2CA                  00007900   00000040  00000022  0000001e  RWIX
  DRAM                  0000e000   00006000  00000305  00005cfb  RWIX
  PARTID                003d7e80   00000001  00000001  00000000  RWIX
  CSM_PWL               003f7ff8   00000008  00000008  00000000  RWIX


SECTION ALLOCATION MAP

 output                                  attributes/
section   page    origin      length       input sections
--------  ----  ----------  ----------   ----------------
DevEmuRegsFile 
*          1    00000880    00000004     UNINITIALIZED
                  00000880    00000004     F2806x_GlobalVariableDefs.obj (DevEmuRegsFile)

SysPwrCtrlRegsFile 
*          1    00000985    00000003     UNINITIALIZED
                  00000985    00000003     F2806x_GlobalVariableDefs.obj (SysPwrCtrlRegsFile)

FlashRegsFile 
*          1    00000a80    00000008     UNINITIALIZED
                  00000a80    00000008     F2806x_GlobalVariableDefs.obj (FlashRegsFile)

CsmRegsFile 
*          1    00000ae0    00000010     UNINITIALIZED
                  00000ae0    00000010     F2806x_GlobalVariableDefs.obj (CsmRegsFile)

AdcResultFile 
*          1    00000b00    00000010     UNINITIALIZED
                  00000b00    00000010     F2806x_GlobalVariableDefs.obj (AdcResultFile)

CpuTimer0RegsFile 
*          1    00000c00    00000008     UNINITIALIZED
                  00000c00    00000008     F2806x_GlobalVariableDefs.obj (CpuTimer0RegsFile)

CpuTimer1RegsFile 
*          1    00000c08    00000008     UNINITIALIZED
                  00000c08    00000008     F2806x_GlobalVariableDefs.obj (CpuTimer1RegsFile)

CpuTimer2RegsFile 
*          1    00000c10    00000008     UNINITIALIZED
                  00000c10    00000008     F2806x_GlobalVariableDefs.obj (CpuTimer2RegsFile)

PieCtrlRegsFile 
*          1    00000ce0    0000001a     UNINITIALIZED
                  00000ce0    0000001a     F2806x_GlobalVariableDefs.obj (PieCtrlRegsFile)

PieVectTableFile 
*          1    00000d00    00000100     UNINITIALIZED
                  00000d00    00000100     F2806x_GlobalVariableDefs.obj (PieVectTableFile)

EmuKeyVar 
*          1    00000d00    00000001     UNINITIALIZED
                  00000d00    00000001     F2806x_GlobalVariableDefs.obj (EmuKeyVar)

EmuBModeVar 
*          1    00000d01    00000001     UNINITIALIZED
                  00000d01    00000001     F2806x_GlobalVariableDefs.obj (EmuBModeVar)

FlashCallbackVar 
*          1    00000d02    00000002     UNINITIALIZED
                  00000d02    00000002     F2806x_GlobalVariableDefs.obj (FlashCallbackVar)

FlashScalingVar 
*          1    00000d04    00000002     UNINITIALIZED
                  00000d04    00000002     F2806x_GlobalVariableDefs.obj (FlashScalingVar)

DmaRegsFile 
*          1    00001000    000000e0     UNINITIALIZED
                  00001000    000000e0     F2806x_GlobalVariableDefs.obj (DmaRegsFile)

Cla1RegsFile 
*          1    00001400    00000040     UNINITIALIZED
                  00001400    00000040     F2806x_GlobalVariableDefs.obj (Cla1RegsFile)

Usb0RegsFile 
*          1    00004000    00000454     UNINITIALIZED
                  00004000    00000454     F2806x_GlobalVariableDefs.obj (Usb0RegsFile)

McbspaRegsFile 
*          1    00005000    00000024     UNINITIALIZED
                  00005000    00000024     F2806x_GlobalVariableDefs.obj (McbspaRegsFile)

ECanaRegsFile 
*          1    00006000    00000034     UNINITIALIZED
                  00006000    00000034     F2806x_GlobalVariableDefs.obj (ECanaRegsFile)

ECanaLAMRegsFile 
*          1    00006040    00000040     UNINITIALIZED
                  00006040    00000040     F2806x_GlobalVariableDefs.obj (ECanaLAMRegsFile)

ECanaMOTSRegsFile 
*          1    00006080    00000040     UNINITIALIZED
                  00006080    00000040     F2806x_GlobalVariableDefs.obj (ECanaMOTSRegsFile)

ECanaMOTORegsFile 
*          1    000060c0    00000040     UNINITIALIZED
                  000060c0    00000040     F2806x_GlobalVariableDefs.obj (ECanaMOTORegsFile)

ECanaMboxesFile 
*          1    00006100    00000100     UNINITIALIZED
                  00006100    00000100     F2806x_GlobalVariableDefs.obj (ECanaMboxesFile)

Comp1RegsFile 
*          1    00006400    00000014     UNINITIALIZED
                  00006400    00000014     F2806x_GlobalVariableDefs.obj (Comp1RegsFile)

Comp2RegsFile 
*          1    00006420    00000014     UNINITIALIZED
                  00006420    00000014     F2806x_GlobalVariableDefs.obj (Comp2RegsFile)

Comp3RegsFile 
*          1    00006440    00000014     UNINITIALIZED
                  00006440    00000014     F2806x_GlobalVariableDefs.obj (Comp3RegsFile)

EPwm1RegsFile 
*          1    00006800    00000040     UNINITIALIZED
                  00006800    00000040     F2806x_GlobalVariableDefs.obj (EPwm1RegsFile)

EPwm2RegsFile 
*          1    00006840    00000040     UNINITIALIZED
                  00006840    00000040     F2806x_GlobalVariableDefs.obj (EPwm2RegsFile)

EPwm3RegsFile 
*          1    00006880    00000040     UNINITIALIZED
                  00006880    00000040     F2806x_GlobalVariableDefs.obj (EPwm3RegsFile)

EPwm4RegsFile 
*          1    000068c0    00000040     UNINITIALIZED
                  000068c0    00000040     F2806x_GlobalVariableDefs.obj (EPwm4RegsFile)

EPwm5RegsFile 
*          1    00006900    00000040     UNINITIALIZED
                  00006900    00000040     F2806x_GlobalVariableDefs.obj (EPwm5RegsFile)

EPwm6RegsFile 
*          1    00006940    00000040     UNINITIALIZED
                  00006940    00000040     F2806x_GlobalVariableDefs.obj (EPwm6RegsFile)

EPwm7RegsFile 
*          1    00006980    00000040     UNINITIALIZED
                  00006980    00000040     F2806x_GlobalVariableDefs.obj (EPwm7RegsFile)

EPwm8RegsFile 
*          1    000069c0    00000040     UNINITIALIZED
                  000069c0    00000040     F2806x_GlobalVariableDefs.obj (EPwm8RegsFile)

ECap1RegsFile 
*          1    00006a00    00000020     UNINITIALIZED
                  00006a00    00000020     F2806x_GlobalVariableDefs.obj (ECap1RegsFile)

ECap2RegsFile 
*          1    00006a20    00000020     UNINITIALIZED
                  00006a20    00000020     F2806x_GlobalVariableDefs.obj (ECap2RegsFile)

ECap3RegsFile 
*          1    00006a40    00000020     UNINITIALIZED
                  00006a40    00000020     F2806x_GlobalVariableDefs.obj (ECap3RegsFile)

HRCap1RegsFile 
*          1    00006ac0    00000020     UNINITIALIZED
                  00006ac0    00000020     F2806x_GlobalVariableDefs.obj (HRCap1RegsFile)

HRCap2RegsFile 
*          1    00006ae0    00000020     UNINITIALIZED
                  00006ae0    00000020     F2806x_GlobalVariableDefs.obj (HRCap2RegsFile)

EQep1RegsFile 
*          1    00006b00    00000022     UNINITIALIZED
                  00006b00    00000022     F2806x_GlobalVariableDefs.obj (EQep1RegsFile)

EQep2RegsFile 
*          1    00006b40    00000022     UNINITIALIZED
                  00006b40    00000022     F2806x_GlobalVariableDefs.obj (EQep2RegsFile)

HRCap3RegsFile 
*          1    00006c80    00000020     UNINITIALIZED
                  00006c80    00000020     F2806x_GlobalVariableDefs.obj (HRCap3RegsFile)

HRCap4RegsFile 
*          1    00006ca0    00000020     UNINITIALIZED
                  00006ca0    00000020     F2806x_GlobalVariableDefs.obj (HRCap4RegsFile)

GpioCtrlRegsFile 
*          1    00006f80    00000040     UNINITIALIZED
                  00006f80    00000040     F2806x_GlobalVariableDefs.obj (GpioCtrlRegsFile)

GpioDataRegsFile 
*          1    00006fc0    00000020     UNINITIALIZED
                  00006fc0    00000020     F2806x_GlobalVariableDefs.obj (GpioDataRegsFile)

GpioIntRegsFile 
*          1    00006fe0    00000020     UNINITIALIZED
                  00006fe0    00000020     F2806x_GlobalVariableDefs.obj (GpioIntRegsFile)

SysCtrlRegsFile 
*          1    00007010    00000030     UNINITIALIZED
                  00007010    00000030     F2806x_GlobalVariableDefs.obj (SysCtrlRegsFile)

SpiaRegsFile 
*          1    00007040    00000010     UNINITIALIZED
                  00007040    00000010     F2806x_GlobalVariableDefs.obj (SpiaRegsFile)

SciaRegsFile 
*          1    00007050    00000010     UNINITIALIZED
                  00007050    00000010     F2806x_GlobalVariableDefs.obj (SciaRegsFile)

NmiIntruptRegsFile 
*          1    00007060    00000010     UNINITIALIZED
                  00007060    00000010     F2806x_GlobalVariableDefs.obj (NmiIntruptRegsFile)

XIntruptRegsFile 
*          1    00007070    00000010     UNINITIALIZED
                  00007070    00000010     F2806x_GlobalVariableDefs.obj (XIntruptRegsFile)

AdcRegsFile 
*          1    00007100    00000050     UNINITIALIZED
                  00007100    00000050     F2806x_GlobalVariableDefs.obj (AdcRegsFile)

SpibRegsFile 
*          1    00007740    00000010     UNINITIALIZED
                  00007740    00000010     F2806x_GlobalVariableDefs.obj (SpibRegsFile)

ScibRegsFile 
*          1    00007750    00000010     UNINITIALIZED
                  00007750    00000010     F2806x_GlobalVariableDefs.obj (ScibRegsFile)

I2caRegsFile 
*          1    00007900    00000022     UNINITIALIZED
                  00007900    00000022     F2806x_GlobalVariableDefs.obj (I2caRegsFile)

PartIdRegsFile 
*          1    003d7e80    00000001     UNINITIALIZED
                  003d7e80    00000001     F2806x_GlobalVariableDefs.obj (PartIdRegsFile)

CsmPwlFile 
*          1    003f7ff8    00000008     UNINITIALIZED
                  003f7ff8    00000008     F2806x_GlobalVariableDefs.obj (CsmPwlFile)

.text      0    003d8093    00003176     
                  003d8093    00000c1f     xcp_daq.obj (.text)
                  003d8cb2    0000047a     xcp_mem_default.obj (.text)
                  003d912c    000003b5     xcp.obj (.text)
                  003d94e1    0000039b     F2806x_DefaultIsr.obj (.text:retain)
                  003d987c    000002ea     xcp_transport.obj (.text)
                  003d9b66    0000022a     xcp_standard.obj (.text)
                  003d9d90    0000020f     xcp_frame_serial.obj (.text)
                  003d9f9f    000001b6     xcp_ext_classic_trigger.obj (.text)
                  003da155    00000193     xcp_ext_common.obj (.text)
                  003da2e8    0000018c     F2806x_SysCtrl.obj (.text)
                  003da474    00000170     xcp_ext_mode.obj (.text)
                  003da5e4    00000166     xcp_drv_rtiostream.obj (.text)
                  003da74a    00000144     blikingled_28069M_launchpad.obj (.text)
                  003da88e    00000141     MW_c28xGPIO.obj (.text)
                  003da9cf    0000012d     rtiostream_serial_c28x_ext_xcp.obj (.text)
                  003daafc    000000d4     xcp_calibration.obj (.text)
                  003dabd0    000000b9     datamodify_xcp.obj (.text)
                  003dac89    000000b9     ert_main.obj (.text)
                  003dad42    00000076     F2806x_CpuTimers.obj (.text)
                  003dadb8    0000005f     xcp_fifo.obj (.text)
                  003dae17    0000005a     xcp_utils.obj (.text)
                  003dae71    00000056     rts2800_fpu32.lib : boot28.asm.obj (.text)
                  003daec7    0000004f     rts2800_fpu32_fast_supplement.lib : atan2_f32.obj (.text)
                  003daf16    0000004e     c2806xSchedulerTimer0.obj (.text)
                  003daf64    0000004a     rts2800_fpu32_fast_supplement.lib : atan_f32.obj (.text)
                  003dafae    00000044     c2806xSchedulerTimer0.obj (.text:retain)
                  003daff2    00000035     MW_c28xx_board.obj (.text)
                  003db027    00000034     c2806xBoard_Realtime_Support.obj (.text)
                  003db05b    00000034     rts2800_fpu32_fast_supplement.lib : cos_f32.obj (.text)
                  003db08f    00000034                                       : sin_f32.obj (.text)
                  003db0c3    00000029     rts2800_fpu32.lib : exit.c.obj (.text)
                  003db0ec    00000028     F2806x_PieCtrl.obj (.text)
                  003db114    00000026     F2806x_PieVect.obj (.text)
                  003db13a    00000024     rts2800_fpu32.lib : cpy_tbl.c.obj (.text)
                  003db15e    00000021     rts2800_fpu32_fast_supplement.lib : sqrt_f32.obj (.text)
                  003db17f    0000001f     xcp_ext_param_default_serial.obj (.text)
                  003db19e    0000001d     rts2800_fpu32.lib : memcpy.c.obj (.text)
                  003db1bb    00000014     MW_c28xGlobalInterrupts.obj (.text)
                  003db1cf    00000012     rts2800_fpu32.lib : args_main.c.obj (.text)
                  003db1e1    0000000b                       : u_div28.asm.obj (.text)
                  003db1ec    00000009                       : _lock.c.obj (.text)
                  003db1f5    00000008     F2806x_CodeStartBranch.obj (.text)
                  003db1fd    00000007     rts2800_fpu32.lib : memset.c.obj (.text)
                  003db204    00000002     blapp_support.obj (.text)
                  003db206    00000002     rts2800_fpu32.lib : pre_init.c.obj (.text)
                  003db208    00000001                       : startup.c.obj (.text)

.switch    0    003db4f6    0000001e     
                  003db4f6    0000001e     xcp.obj (.switch:_genericOutputPacketHandler)

.bss       1    0000e000    00000000     UNINITIALIZED

.ebss      1    0000e000    00000305     UNINITIALIZED
                  0000e000    00000116     xcp_mem_default.obj (.ebss:_xcpMemReservedPoolsChunk)
                  0000e116    0000001e     xcp_ext_common.obj (.ebss)
                  0000e134    00000008     xcp.obj (.ebss:_groupPacketLookup)
                  0000e13c    00000004     xcp_transport.obj (.ebss:_rxFifo)
                  0000e140    00000067     xcp_mem_default.obj (.ebss:_xcpMemMainChunk)
                  0000e1a7    00000001     MW_c28xGPIO.obj (.ebss)
                  0000e1a8    00000018     F2806x_CpuTimers.obj (.ebss)
                  0000e1c0    00000042     datamodify_xcp.obj (.ebss)
                  0000e202    0000003c     xcp_mem_default.obj (.ebss:_xcpMemPoolDescriptors)
                  0000e23e    00000002     rts2800_fpu32.lib : _lock.c.obj (.ebss:__lock)
                  0000e240    00000032     blikingled_28069M_launchpad.obj (.ebss)
                  0000e272    00000008     xcp_transport.obj (.ebss:_txFifo)
                  0000e27a    00000006     xcp_mem_default.obj (.ebss:_xcpMemMainBlockSizes)
                  0000e280    0000001c     xcp_ext_classic_trigger.obj (.ebss)
                  0000e29c    00000018     xcp_daq.obj (.ebss)
                  0000e2b4    00000008     xcp_standard.obj (.ebss)
                  0000e2bc    00000004     xcp_ext_common.obj (.ebss:_xcpCurrentSimulationTimeInTicks)
                  0000e2c0    00000010     blikingled_28069M_launchpad_data.obj (.ebss)
                  0000e2d0    00000006     xcp_mem_default.obj (.ebss:_xcpMemMainBlocksNumber)
                  0000e2d6    00000006     rts2800_fpu32.lib : exit.c.obj (.ebss)
                  0000e2dc    00000005     xcp.obj (.ebss)
                  0000e2e1    00000005     xcp_frame_serial.obj (.ebss)
                  0000e2e6    00000004     xcp_ext_mode.obj (.ebss:_xcpCustomTriggerFunction)
                  0000e2ea    00000004     xcp_mem_default.obj (.ebss:_xcpMemCustomPoolDescriptors)
                  0000e2ee    00000004     ert_main.obj (.ebss)
                  0000e2f2    00000004     xcp_mem_default.obj (.ebss)
                  0000e2f6    00000004     xcp_transport.obj (.ebss)
                  0000e2fa    00000002     rts2800_fpu32.lib : _lock.c.obj (.ebss:__unlock)
                  0000e2fc    00000002     blikingled_28069M_launchpad.obj (.ebss:_systemRan$3)
                  0000e2fe    00000002     rtiostream_serial_c28x_ext_xcp.obj (.ebss)
                  0000e300    00000002     xcp_calibration.obj (.ebss)
                  0000e302    00000002     xcp_drv_rtiostream.obj (.ebss)
                  0000e304    00000001     MW_c28xGlobalInterrupts.obj (.ebss)

.cinit     0    003db38c    0000016a     
                  003db38c    0000005b     xcp_ext_classic_trigger.obj (.cinit)
                  003db3e7    0000004c     xcp_ext_common.obj (.cinit)
                  003db433    0000001e     xcp_daq.obj (.cinit)
                  003db451    00000014     xcp.obj (.cinit)
                  003db465    00000014     xcp_frame_serial.obj (.cinit)
                  003db479    00000013     blikingled_28069M_launchpad_data.obj (.cinit)
                  003db48c    0000000f     xcp_standard.obj (.cinit)
                  003db49b    0000000e     rts2800_fpu32.lib : exit.c.obj (.cinit)
                  003db4a9    00000009     xcp_mem_default.obj (.cinit:_xcpMemMainBlockSizes)
                  003db4b2    00000009     xcp_mem_default.obj (.cinit:_xcpMemMainBlocksNumber)
                  003db4bb    00000008     ert_main.obj (.cinit)
                  003db4c3    00000008     xcp_drv_rtiostream.obj (.cinit)
                  003db4cb    00000008     xcp_transport.obj (.cinit)
                  003db4d3    00000005     rts2800_fpu32.lib : _lock.c.obj (.cinit:__lock)
                  003db4d8    00000005                       : _lock.c.obj (.cinit:__unlock)
                  003db4dd    00000005     xcp_ext_common.obj (.cinit:_xcpCurrentSimulationTimeInTicks)
                  003db4e2    00000005     rtiostream_serial_c28x_ext_xcp.obj (.cinit)
                  003db4e7    00000005     xcp_calibration.obj (.cinit)
                  003db4ec    00000004     MW_c28xGPIO.obj (.cinit)
                  003db4f0    00000004     MW_c28xGlobalInterrupts.obj (.cinit)
                  003db4f4    00000002     --HOLE-- [fill = 0]

.pinit     0    003d8000    00000000     UNINITIALIZED

.econst    0    003db20a    00000182     
                  003db20a    00000100     F2806x_PieVect.obj (.econst:_PieVectTableInit)
                  003db30a    00000048     xcp_daq.obj (.econst:_daqSupportedRxPacket)
                  003db352    0000002a     xcp_standard.obj (.econst:_standardSupportedRxPacket)
                  003db37c    0000000c     xcp_calibration.obj (.econst:_calibrationSupportedRxPacket)
                  003db388    00000004     blikingled_28069M_launchpad.obj (.econst)

.reset     0    003fffc0    00000002     DSECT
                  003fffc0    00000002     rts2800_fpu32.lib : boot28.asm.obj (.reset)

.data      1    0000e000    00000000     UNINITIALIZED

.stack     1    00000002    00000400     UNINITIALIZED
                  00000002    00000400     --HOLE--

codestart 
*          0    003f7ff6    00000002     
                  003f7ff6    00000002     F2806x_CodeStartBranch.obj (codestart)

ramfuncs   0    003d8000    00000093     RUN ADDR = 00008000
                  003d8000    0000004b     rtiostream_serial_c28x_ext_xcp.obj (ramfuncs:retain)
                  003d804b    00000029     datamodify_xcp.obj (ramfuncs)
                  003d8074    0000001b     F2806x_SysCtrl.obj (ramfuncs)
                  003d808f    00000004     F2806x_usDelay.obj (ramfuncs)

FPUmathTables 
*          0    003fd590    000006a0     NOLOAD SECTION
                  003fd590    000006a0     rts2800_fpu32_fast_supplement.lib : FPUmathTables.obj (FPUmathTables)

MODULE SUMMARY

       Module                                 code    initialized data   uninitialized data
       ------                                 ----    ----------------   ------------------
    <current directory>
       F2806x_GlobalVariableDefs.obj          0       0                  3550              
       xcp_daq.obj                            3103    102                24                
       xcp_mem_default.obj                    1146    18                 461               
       xcp.obj                                949     50                 13                
       F2806x_DefaultIsr.obj                  923     0                  0                 
       xcp_transport.obj                      746     8                  16                
       xcp_standard.obj                       554     57                 8                 
       xcp_ext_classic_trigger.obj            438     91                 28                
       xcp_frame_serial.obj                   527     20                 5                 
       xcp_ext_common.obj                     403     81                 34                
       rtiostream_serial_c28x_ext_xcp.obj     451     5                  2                 
       F2806x_SysCtrl.obj                     450     0                  0                 
       blikingled_28069M_launchpad.obj        324     4                  52                
       xcp_ext_mode.obj                       368     0                  4                 
       xcp_drv_rtiostream.obj                 358     8                  2                 
       datamodify_xcp.obj                     267     0                  66                
       MW_c28xGPIO.obj                        321     4                  1                 
       F2806x_PieVect.obj                     38      256                0                 
       xcp_calibration.obj                    212     17                 2                 
       ert_main.obj                           185     8                  4                 
       c2806xSchedulerTimer0.obj              146     0                  0                 
       F2806x_CpuTimers.obj                   118     0                  24                
       xcp_fifo.obj                           95      0                  0                 
       xcp_utils.obj                          90      0                  0                 
       MW_c28xx_board.obj                     53      0                  0                 
       c2806xBoard_Realtime_Support.obj       52      0                  0                 
       F2806x_PieCtrl.obj                     40      0                  0                 
       blikingled_28069M_launchpad_data.obj   0       19                 16                
       xcp_ext_param_default_serial.obj       31      0                  0                 
       MW_c28xGlobalInterrupts.obj            20      4                  1                 
       F2806x_CodeStartBranch.obj             10      0                  0                 
       F2806x_usDelay.obj                     8       0                  0                 
       blapp_support.obj                      2       0                  0                 
    +--+--------------------------------------+-------+------------------+--------------------+
       Total:                                 12428   752                4313              
                                                                                           
    C:/ProgramData/MATLAB/tic2000/3P.instrset/tic28xcodegentools.instrset/ti-cgt-c2000_20.2.1.LTS/lib/rts2800_fpu32.lib
       boot28.asm.obj                         86      0                  0                 
       exit.c.obj                             41      14                 6                 
       cpy_tbl.c.obj                          36      0                  0                 
       memcpy.c.obj                           29      0                  0                 
       _lock.c.obj                            9       10                 4                 
       args_main.c.obj                        18      0                  0                 
       u_div28.asm.obj                        11      0                  0                 
       memset.c.obj                           7       0                  0                 
       pre_init.c.obj                         2       0                  0                 
       startup.c.obj                          1       0                  0                 
    +--+--------------------------------------+-------+------------------+--------------------+
       Total:                                 240     24                 10                
                                                                                           
    C:/ti/controlSUITE/libs/math/FPUfastRTS/V100/lib/rts2800_fpu32_fast_supplement.lib
       FPUmathTables.obj                      0       1696               0                 
       atan2_f32.obj                          79      0                  0                 
       atan_f32.obj                           74      0                  0                 
       cos_f32.obj                            52      0                  0                 
       sin_f32.obj                            52      0                  0                 
       sqrt_f32.obj                           33      0                  0                 
    +--+--------------------------------------+-------+------------------+--------------------+
       Total:                                 290     1696               0                 
                                                                                           
       Stack:                                 0       0                  1024              
    +--+--------------------------------------+-------+------------------+--------------------+
       Grand Total:                           12958   2472               5347              


GLOBAL DATA SYMBOLS: SORTED BY DATA PAGE

address     data page           name
--------    ----------------    ----
00000002       0 (00000000)     __stack

00000880      22 (00000880)     _DevEmuRegs

00000985      26 (00000980)     _SysPwrCtrlRegs

00000a80      2a (00000a80)     _FlashRegs

00000ae0      2b (00000ac0)     _CsmRegs

00000b00      2c (00000b00)     _AdcResult

00000c00      30 (00000c00)     _CpuTimer0Regs
00000c08      30 (00000c00)     _CpuTimer1Regs
00000c10      30 (00000c00)     _CpuTimer2Regs

00000ce0      33 (00000cc0)     _PieCtrlRegs

00000d00      34 (00000d00)     _EmuKey
00000d00      34 (00000d00)     _PieVectTable
00000d01      34 (00000d00)     _EmuBMode
00000d02      34 (00000d00)     _Flash_CallbackPtr
00000d04      34 (00000d00)     _Flash_CPUScaleFactor

00001000      40 (00001000)     _DmaRegs

00001400      50 (00001400)     _Cla1Regs

00004000     100 (00004000)     _Usb0Regs

00005000     140 (00005000)     _McbspaRegs

00006000     180 (00006000)     _ECanaRegs

00006040     181 (00006040)     _ECanaLAMRegs

00006080     182 (00006080)     _ECanaMOTSRegs

000060c0     183 (000060c0)     _ECanaMOTORegs

00006100     184 (00006100)     _ECanaMboxes

00006400     190 (00006400)     _Comp1Regs
00006420     190 (00006400)     _Comp2Regs

00006440     191 (00006440)     _Comp3Regs

00006800     1a0 (00006800)     _EPwm1Regs

00006840     1a1 (00006840)     _EPwm2Regs

00006880     1a2 (00006880)     _EPwm3Regs

000068c0     1a3 (000068c0)     _EPwm4Regs

00006900     1a4 (00006900)     _EPwm5Regs

00006940     1a5 (00006940)     _EPwm6Regs

00006980     1a6 (00006980)     _EPwm7Regs

000069c0     1a7 (000069c0)     _EPwm8Regs

00006a00     1a8 (00006a00)     _ECap1Regs
00006a20     1a8 (00006a00)     _ECap2Regs

00006a40     1a9 (00006a40)     _ECap3Regs

00006ac0     1ab (00006ac0)     _HRCap1Regs
00006ae0     1ab (00006ac0)     _HRCap2Regs

00006b00     1ac (00006b00)     _EQep1Regs

00006b40     1ad (00006b40)     _EQep2Regs

00006c80     1b2 (00006c80)     _HRCap3Regs
00006ca0     1b2 (00006c80)     _HRCap4Regs

00006f80     1be (00006f80)     _GpioCtrlRegs

00006fc0     1bf (00006fc0)     _GpioDataRegs
00006fe0     1bf (00006fc0)     _GpioIntRegs

00007010     1c0 (00007000)     _SysCtrlRegs

00007040     1c1 (00007040)     _SpiaRegs
00007050     1c1 (00007040)     _SciaRegs
00007060     1c1 (00007040)     _NmiIntruptRegs
00007070     1c1 (00007040)     _XIntruptRegs

00007100     1c4 (00007100)     _AdcRegs

00007740     1dd (00007740)     _SpibRegs
00007750     1dd (00007740)     _ScibRegs

00007900     1e4 (00007900)     _I2caRegs

0000e116     384 (0000e100)     _xcpModelStartRequest
0000e117     384 (0000e100)     _xcpModelStopRequest
0000e118     384 (0000e100)     _xcpModelStatus
0000e119     384 (0000e100)     _xcpExtmodeSimulationComplete
0000e11c     384 (0000e100)     _xcpModelChecksum0
0000e11e     384 (0000e100)     _xcpModelChecksum1
0000e120     384 (0000e100)     _xcpModelChecksum2
0000e122     384 (0000e100)     _xcpModelChecksum3
0000e124     384 (0000e100)     _xcpModelIntegerCode
0000e126     384 (0000e100)     _xcpExtmodeFinalSimulationTime
0000e128     384 (0000e100)     _xcpDummyDoubleVariable

0000e1a7     386 (0000e180)     _GPIO_oneTimeInit
0000e1a8     386 (0000e180)     _CpuTimer0
0000e1b0     386 (0000e180)     _CpuTimer1
0000e1b8     386 (0000e180)     _CpuTimer2

0000e1c0     387 (0000e1c0)     _queRx

0000e23e     388 (0000e200)     __lock

0000e240     389 (0000e240)     _blikingled_28069M_launchpad_B
0000e244     389 (0000e240)     _blikingled_28069M_launchpad_DW

0000e280     38a (0000e280)     _xcpClassicTriggerEventId
0000e281     38a (0000e280)     _xcpClassicTriggerSignalAddressExtension
0000e282     38a (0000e280)     _xcpClassicTriggerDirection
0000e283     38a (0000e280)     _xcpClassicTriggerArmRequest
0000e284     38a (0000e280)     _xcpClassicTriggerCancelRequest
0000e285     38a (0000e280)     _xcpClassicTriggerSource
0000e286     38a (0000e280)     _xcpClassicTriggerMode
0000e287     38a (0000e280)     _xcpClassicTriggerStatus
0000e28e     38a (0000e280)     _xcpClassicTriggerSignalAddress
0000e290     38a (0000e280)     _xcpClassicTriggerLevel
0000e292     38a (0000e280)     _xcpClassicTriggerDuration
0000e294     38a (0000e280)     _xcpClassicTriggerHoldOff
0000e296     38a (0000e280)     _xcpClassicTriggerDelay
0000e2bc     38a (0000e280)     _xcpCurrentSimulationTimeInTicks

0000e2c0     38b (0000e2c0)     _blikingled_28069M_launchpad_P
0000e2d6     38b (0000e2c0)     ___TI_enable_exit_profile_output
0000e2d8     38b (0000e2c0)     ___TI_cleanup_ptr
0000e2da     38b (0000e2c0)     ___TI_dtors_ptr
0000e2ee     38b (0000e2c0)     _IsrOverrun
0000e2f0     38b (0000e2c0)     _stopRequested
0000e2f1     38b (0000e2c0)     _runModel
0000e2fa     38b (0000e2c0)     __unlock
0000e2fe     38b (0000e2c0)     _MW_SCI_PTR

0000e304     38c (0000e300)     _MW_InterruptDisableLock

003d7e80    f5fa (003d7e80)     _PartIdRegs

003db20a    f6c8 (003db200)     _PieVectTableInit

003db38a    f6ce (003db380)     _blikingled_28069M_launchpad_M

003f7ff8    fdff (003f7fc0)     _CsmPwl

003fd590    ff56 (003fd580)     _FPUsinTable

003fd690    ff5a (003fd680)     _FPUcosTable

003fd990    ff66 (003fd980)     _FPUsinTableEnd

003fda92    ff6a (003fda80)     _FPUatan2HalfPITable
003fda92    ff6a (003fda80)     _FPUcosTableEnd
003fda96    ff6a (003fda80)     _FPUatan2Table

003fdc1c    ff70 (003fdc00)     _FPUatan2TableEnd


GLOBAL SYMBOLS: SORTED ALPHABETICALLY BY Name 

page  address   name                                            
----  -------   ----                                            
1     0000e000  .bss                                            
1     0000e000  .data                                           
0     003d8093  .text                                           
0     003db0c3  C$$EXIT                                         
0     003db1e1  U$$DIV                                          
0     003db1e6  U$$MOD                                          
0     003d959f  _ADCINT1_ISR                                    
0     003d95a9  _ADCINT2_ISR                                    
0     003d97b1  _ADCINT3_ISR                                    
0     003d97bb  _ADCINT4_ISR                                    
0     003d97c5  _ADCINT5_ISR                                    
0     003d97cf  _ADCINT6_ISR                                    
0     003d97d9  _ADCINT7_ISR                                    
0     003d97e3  _ADCINT8_ISR                                    
0     003d95c7  _ADCINT9_ISR                                    
1     00007100  _AdcRegs                                        
1     00000b00  _AdcResult                                      
0     003dac19  _BytePacker16bits                               
0     003dabf3  _BytePacker32bits                               
0     003dabd0  _BytePackerInplace32bits                        
0     003d97ed  _CLA1_INT1_ISR                                  
0     003d97f7  _CLA1_INT2_ISR                                  
0     003d9801  _CLA1_INT3_ISR                                  
0     003d980b  _CLA1_INT4_ISR                                  
0     003d9815  _CLA1_INT5_ISR                                  
0     003d981f  _CLA1_INT6_ISR                                  
0     003d9829  _CLA1_INT7_ISR                                  
0     003d9833  _CLA1_INT8_ISR                                  
1     00001400  _Cla1Regs                                       
1     00006400  _Comp1Regs                                      
1     00006420  _Comp2Regs                                      
1     00006440  _Comp3Regs                                      
0     003dad7d  _ConfigCpuTimer                                 
1     0000e1a8  _CpuTimer0                                      
1     00000c00  _CpuTimer0Regs                                  
1     0000e1b0  _CpuTimer1                                      
1     00000c08  _CpuTimer1Regs                                  
1     0000e1b8  _CpuTimer2                                      
1     00000c10  _CpuTimer2Regs                                  
1     003f7ff8  _CsmPwl                                         
1     00000ae0  _CsmRegs                                        
0     003da3ed  _CsmUnlock                                      
0     003d94f5  _DATALOG_ISR                                    
0     003d9725  _DINTCH1_ISR                                    
0     003d972f  _DINTCH2_ISR                                    
0     003d9739  _DINTCH3_ISR                                    
0     003d9743  _DINTCH4_ISR                                    
0     003d974d  _DINTCH5_ISR                                    
0     003d9757  _DINTCH6_ISR                                    
0     0000808f  _DSP28x_usDelay                                 
1     00000880  _DevEmuRegs                                     
0     003da30c  _DisableDog                                     
1     00001000  _DmaRegs                                        
0     003d979d  _ECAN0INTA_ISR                                  
0     003d97a7  _ECAN1INTA_ISR                                  
0     003d9685  _ECAP1_INT_ISR                                  
0     003d968f  _ECAP2_INT_ISR                                  
0     003d9699  _ECAP3_INT_ISR                                  
1     00006040  _ECanaLAMRegs                                   
1     000060c0  _ECanaMOTORegs                                  
1     00006080  _ECanaMOTSRegs                                  
1     00006100  _ECanaMboxes                                    
1     00006000  _ECanaRegs                                      
1     00006a00  _ECap1Regs                                      
1     00006a20  _ECap2Regs                                      
1     00006a40  _ECap3Regs                                      
0     003d985b  _EMPTY_ISR                                      
0     003d9509  _EMUINT_ISR                                     
0     003d9635  _EPWM1_INT_ISR                                  
0     003d95e5  _EPWM1_TZINT_ISR                                
0     003d963f  _EPWM2_INT_ISR                                  
0     003d95ef  _EPWM2_TZINT_ISR                                
0     003d9649  _EPWM3_INT_ISR                                  
0     003d95f9  _EPWM3_TZINT_ISR                                
0     003d9653  _EPWM4_INT_ISR                                  
0     003d9603  _EPWM4_TZINT_ISR                                
0     003d965d  _EPWM5_INT_ISR                                  
0     003d960d  _EPWM5_TZINT_ISR                                
0     003d9667  _EPWM6_INT_ISR                                  
0     003d9617  _EPWM6_TZINT_ISR                                
0     003d9671  _EPWM7_INT_ISR                                  
0     003d9621  _EPWM7_TZINT_ISR                                
0     003d967b  _EPWM8_INT_ISR                                  
0     003d962b  _EPWM8_TZINT_ISR                                
1     00006800  _EPwm1Regs                                      
1     00006840  _EPwm2Regs                                      
1     00006880  _EPwm3Regs                                      
1     000068c0  _EPwm4Regs                                      
1     00006900  _EPwm5Regs                                      
1     00006940  _EPwm6Regs                                      
1     00006980  _EPwm7Regs                                      
1     000069c0  _EPwm8Regs                                      
0     003d96b7  _EQEP1_INT_ISR                                  
0     003d96c1  _EQEP2_INT_ISR                                  
1     00006b00  _EQep1Regs                                      
1     00006b40  _EQep2Regs                                      
1     00000d01  _EmuBMode                                       
1     00000d00  _EmuKey                                         
0     003db10b  _EnableInterrupts                               
0     003da45e  _ExtOscSel                                      
0     003fda92  _FPUatan2HalfPITable                            
0     003fda96  _FPUatan2Table                                  
0     003fdc1c  _FPUatan2TableEnd                               
0     003fd690  _FPUcosTable                                    
0     003fda92  _FPUcosTableEnd                                 
0     003fd590  _FPUsinTable                                    
0     003fd990  _FPUsinTableEnd                                 
1     00000a80  _FlashRegs                                      
1     00000d04  _Flash_CPUScaleFactor                           
1     00000d02  _Flash_CallbackPtr                              
0     003da975  _GPIO_ReadPin                                   
0     003da8c2  _GPIO_SetupPinMux                               
0     003da900  _GPIO_SetupPinOptions                           
0     003da9aa  _GPIO_TogglePin                                 
0     003da98c  _GPIO_WritePin                                  
1     0000e1a7  _GPIO_oneTimeInit                               
1     00006f80  _GpioCtrlRegs                                   
1     00006fc0  _GpioDataRegs                                   
1     00006fe0  _GpioIntRegs                                    
0     003d96a3  _HRCAP1_INT_ISR                                 
0     003d96ad  _HRCAP2_INT_ISR                                 
0     003d96cb  _HRCAP3_INT_ISR                                 
0     003d96d5  _HRCAP4_INT_ISR                                 
1     00006ac0  _HRCap1Regs                                     
1     00006ae0  _HRCap2Regs                                     
1     00006c80  _HRCap3Regs                                     
1     00006ca0  _HRCap4Regs                                     
0     003d9761  _I2CINT1A_ISR                                   
0     003d976b  _I2CINT2A_ISR                                   
1     00007900  _I2caRegs                                       
0     003d951d  _ILLEGAL_ISR                                    
0     003d94e1  _INT13_ISR                                      
0     003d94eb  _INT14_ISR                                      
0     003dad42  _InitCpuTimers                                  
0     00008074  _InitFlash                                      
0     003da895  _InitGpio                                       
0     003da397  _InitPeripheralClocks                           
0     003db0ec  _InitPieCtrl                                    
0     003db114  _InitPieVectTable                               
0     003da314  _InitPll                                        
0     003da369  _InitPll2                                       
0     003da2e8  _InitSysCtrl                                    
0     003da41e  _IntOsc1Sel                                     
0     003da42e  _IntOsc2Sel                                     
1     0000e2ee  _IsrOverrun                                     
0     003d9851  _LUF_ISR                                        
0     003d9847  _LVF_ISR                                        
0     003d9711  _MRINTA_ISR                                     
1     0000e304  _MW_InterruptDisableLock                        
1     0000e2fe  _MW_SCI_PTR                                     
0     003d971b  _MXINTA_ISR                                     
1     00005000  _McbspaRegs                                     
0     003d9513  _NMI_ISR                                        
1     00007060  _NmiIntruptRegs                                 
0     003da88e  _OneTimeGpioInit                                
0     003d9868  _PIE_RESERVED                                   
1     003d7e80  _PartIdRegs                                     
1     00000ce0  _PieCtrlRegs                                    
1     00000d00  _PieVectTable                                   
0     003db20a  _PieVectTableInit                               
0     003d94ff  _RTOSINT_ISR                                    
0     003d8093  _RamfuncsLoadEnd                                
0     003d8000  _RamfuncsLoadStart                              
0     00008000  _RamfuncsRunStart                               
0     003d9775  _SCIRXINTA_ISR                                  
0     003d9789  _SCIRXINTB_ISR                                  
0     00008000  _SCIRXINT_isr                                   
0     003d977f  _SCITXINTA_ISR                                  
0     003d9793  _SCITXINTB_ISR                                  
0     003d96e9  _SPIRXINTA_ISR                                  
0     003d96fd  _SPIRXINTB_ISR                                  
0     003d96f3  _SPITXINTA_ISR                                  
0     003d9707  _SPITXINTB_ISR                                  
1     00007050  _SciaRegs                                       
1     00007750  _ScibRegs                                       
0     003da302  _ServiceDog                                     
0     003da9c1  _Set_GPIOPin                                    
1     00007040  _SpiaRegs                                       
1     00007740  _SpibRegs                                       
1     00007010  _SysCtrlRegs                                    
1     00000985  _SysPwrCtrlRegs                                 
0     003d95d1  _TINT0_ISR                                      
0     003dafae  _TINT0_isr                                      
0     003d96df  _USB0_INT_ISR                                   
0     003d9581  _USER10_ISR                                     
0     003d958b  _USER11_ISR                                     
0     003d9595  _USER12_ISR                                     
0     003d9527  _USER1_ISR                                      
0     003d9531  _USER2_ISR                                      
0     003d953b  _USER3_ISR                                      
0     003d9545  _USER4_ISR                                      
0     003d954f  _USER5_ISR                                      
0     003d9559  _USER6_ISR                                      
0     003d9563  _USER7_ISR                                      
0     003d956d  _USER8_ISR                                      
0     003d9577  _USER9_ISR                                      
1     00004000  _Usb0Regs                                       
0     003d95db  _WAKEINT_ISR                                    
0     003d95b3  _XINT1_ISR                                      
0     003d95bd  _XINT2_ISR                                      
0     003d983d  _XINT3_ISR                                      
1     00007070  _XIntruptRegs                                   
0     003da442  _XtalOscSel                                     
1     00000402  __STACK_END                                     
abs   00000400  __STACK_SIZE                                    
1     0000e2d8  ___TI_cleanup_ptr                               
1     0000e2da  ___TI_dtors_ptr                                 
1     0000e2d6  ___TI_enable_exit_profile_output                
abs   ffffffff  ___TI_pprof_out_hndl                            
abs   ffffffff  ___TI_prof_data_size                            
abs   ffffffff  ___TI_prof_data_start                           
abs   ffffffff  ___binit__                                      
1     0000e000  ___bss__                                        
abs   ffffffff  ___c_args__                                     
0     003db38c  ___cinit__                                      
1     0000e000  ___data__                                       
1     0000e000  ___edata__                                      
1     0000e000  ___end__                                        
0     003db209  ___etext__                                      
abs   ffffffff  ___pinit__                                      
0     003d8093  ___text__                                       
0     003db1cf  __args_main                                     
1     0000e23e  __lock                                          
0     003db1f4  __nop                                           
0     003db1f0  __register_lock                                 
0     003db1ec  __register_unlock                               
1     00000002  __stack                                         
0     003db208  __system_post_cinit                             
0     003db206  __system_pre_init                               
1     0000e2fa  __unlock                                        
0     003db0c3  _abort                                          
0     003dac62  _addElement                                     
0     003daf64  _atan                                           
0     003daec7  _atan2                                          
0     003db043  _atan2f                                         
0     003db03c  _atanf                                          
1     0000e240  _blikingled_28069M_launchpad_B                  
1     0000e244  _blikingled_28069M_launchpad_DW                 
0     003db38a  _blikingled_28069M_launchpad_M                  
1     0000e2c0  _blikingled_28069M_launchpad_P                  
0     003da823  _blikingled_28069M_launchpad_initialize         
0     003da75b  _blikingled_28069M_launchpad_step               
0     003da88d  _blikingled_28069M_launchpad_terminate          
0     003db204  _bootloaderBackgroundTask                       
0     003db205  _bootloaderInit                                 
0     003db04c  _c2000_flash_init                               
0     003dae71  _c_int00                                        
0     003daf16  _configureTimer0                                
0     003db13a  _copy_in                                        
0     003db05b  _cos                                            
0     003db027  _cosf                                           
0     0000804b  _deleteElement                                  
0     003daf43  _disableTimer0Interrupt                         
0     003daf3b  _enableTimer0Interrupt                          
0     003da9cf  _enable_interrupts_sci                          
0     003db0c5  _exit                                           
0     003da570  _extmodeBackgroundRun                           
0     003da529  _extmodeEvent                                   
0     003da5b6  _extmodeGetEventTriggerEnable                   
0     003da599  _extmodeGetFinalSimulationTime                  
0     003da47b  _extmodeInit                                    
0     003da474  _extmodeParseArgs                               
0     003da578  _extmodeReset                                   
0     003da5d0  _extmodeSetEventTriggerEnable                   
0     003da5ae  _extmodeSetFinalSimulationTime                  
0     003da595  _extmodeSimulationComplete                      
0     003da591  _extmodeStartRequested                          
0     003da58d  _extmodeStopRequested                           
0     003da4d5  _extmodeWaitForHostRequest                      
0     003d9253  _genericOutputPacketHandler                     
0     003db1c7  _globalInterruptDisable                         
0     003db1bb  _globalInterruptEnable                          
0     003dac3c  _initQue                                        
0     003daa34  _init_SCI_external_mode                         
0     003daff2  _init_board                                     
0     003dac49  _isEmpty                                        
0     003dac55  _isFull                                         
0     003dac9d  _main                                           
0     003db19e  _memcpy                                         
0     003db1fd  _memset                                         
1     0000e1c0  _queRx                                          
0     003daf59  _restoreTimer0Interrupt                         
0     003d9872  _rsvd_ISR                                       
0     003da9fc  _rtIOStreamClose                                
0     003da9de  _rtIOStreamOpen                                 
0     003daa1e  _rtIOStreamRecv                                 
0     003daa02  _rtIOStreamSend                                 
0     003daa10  _rtIOStreamSend8Bits                            
0     003dac89  _rt_OneStep                                     
1     0000e2f1  _runModel                                       
0     003daa9d  _sci_rcv_external_mode                          
0     003daadb  _sci_xmit_external_mode                         
0     003db08f  _sin                                            
0     003db02e  _sinf                                           
0     003db15e  _sqrt                                           
0     003db035  _sqrtf                                          
1     0000e2f0  _stopRequested                                  
0     003dabc3  _xcpCalibrationGetPacketLookup                  
0     003dabbe  _xcpCalibrationInit                             
0     003dabcf  _xcpCalibrationReset                            
0     003dabc7  _xcpCalibrationSetPacketLookup                  
1     0000e283  _xcpClassicTriggerArmRequest                    
1     0000e284  _xcpClassicTriggerCancelRequest                 
1     0000e296  _xcpClassicTriggerDelay                         
1     0000e282  _xcpClassicTriggerDirection                     
1     0000e292  _xcpClassicTriggerDuration                      
1     0000e280  _xcpClassicTriggerEventId                       
1     0000e294  _xcpClassicTriggerHoldOff                       
1     0000e290  _xcpClassicTriggerLevel                         
1     0000e286  _xcpClassicTriggerMode                          
1     0000e28e  _xcpClassicTriggerSignalAddress                 
1     0000e281  _xcpClassicTriggerSignalAddressExtension        
1     0000e285  _xcpClassicTriggerSource                        
1     0000e287  _xcpClassicTriggerStatus                        
1     0000e2bc  _xcpCurrentSimulationTimeInTicks                
0     003d8aa0  _xcpDaqEvent                                    
0     003d8af3  _xcpDaqEventsFlush                              
0     003d8cb0  _xcpDaqExtendedInit                             
0     003d8cb1  _xcpDaqExtendedReset                            
0     003d8c8f  _xcpDaqGetCustomPoolMemoryManager               
0     003d890c  _xcpDaqGetPacketLookup                          
0     003d88fc  _xcpDaqInit                                     
0     003d8bc6  _xcpDaqLock                                     
0     003d8c70  _xcpDaqReset                                    
0     003d8c79  _xcpDaqSetCustomPoolMemoryManager               
0     003d8910  _xcpDaqSetPacketLookup                          
0     003d8bcf  _xcpDaqUnlock                                   
0     003da72f  _xcpDrvClose                                    
0     003da5fe  _xcpDrvIoctl                                    
0     003da5e4  _xcpDrvOpen                                     
0     003da67f  _xcpDrvRecv                                     
0     003da6ec  _xcpDrvRecvUnknownSize                          
0     003da612  _xcpDrvSend                                     
1     0000e128  _xcpDummyDoubleVariable                         
0     003d93c8  _xcpEvent                                       
0     003d93de  _xcpEventExternalTimestamp                      
0     003d93f0  _xcpEventNotificationReq                        
0     003da0d6  _xcpExtModeClassicTriggerEnabled                
0     003da136  _xcpExtModeClassicTriggerForceEnableStatusUpdate
0     003da0c7  _xcpExtModeClassicTriggerInit                   
0     003da116  _xcpExtModeClassicTriggerReset                  
0     003da215  _xcpExtModeGetSimulationTime                    
0     003da1f7  _xcpExtModeGetUpdatedTimestamp                  
0     003da21c  _xcpExtModeInit                                 
0     003db17f  _xcpExtModeParseArgs                            
0     003da2a1  _xcpExtModeReset                                
0     003da244  _xcpExtModeRunBackground                        
0     003da1f0  _xcpExtModeUpdateTime                           
1     0000e126  _xcpExtmodeFinalSimulationTime                  
1     0000e119  _xcpExtmodeSimulationComplete                   
0     003dadd0  _xcpFifoDequeue                                 
0     003dae08  _xcpFifoEmpty                                   
0     003dadc1  _xcpFifoEnqueue                                 
0     003dade3  _xcpFifoEnqueueHead                             
0     003dadb8  _xcpFifoInit                                    
0     003dae11  _xcpFifoReset                                   
0     003dadf2  _xcpFifoSpliceHead                              
0     003d92e9  _xcpFindPacket                                  
0     003d9ed6  _xcpFrameCreateMsg                              
0     003d9f04  _xcpFrameExtractPacket                          
0     003d9f72  _xcpFrameHeaderSize                             
0     003d9db5  _xcpFrameInit                                   
0     003d9f7a  _xcpFrameMaxCtoSize                             
0     003d9f76  _xcpFrameMaxDtoSize                             
0     003d9e4d  _xcpFrameMsgRecv                                
0     003d9dcf  _xcpFrameMsgSend                                
0     003d9f8a  _xcpFrameReset                                  
0     003d9f7c  _xcpFrameRestart                                
0     003d9f83  _xcpFrameSetCtoReservedMemPoolId                
0     003d9f74  _xcpFrameTailSize                               
0     003d94c2  _xcpGetCustomPoolMemoryManager                  
0     003db191  _xcpGetInitParameters                           
0     003d94a6  _xcpGetStatus                                   
0     003da1fe  _xcpGetTimestamp                                
0     003d930d  _xcpInit                                        
0     003d8da4  _xcpMemAlloc                                    
0     003d9075  _xcpMemAllocFromPool                            
0     003d8fec  _xcpMemCustomPoolCreate                         
0     003d9044  _xcpMemCustomPoolDestroy                        
0     003d8e0f  _xcpMemFree                                     
0     003d8ce3  _xcpMemInit                                     
0     003d8ea0  _xcpMemReservedPoolCreate                       
0     003d8f68  _xcpMemReservedPoolDestroy                      
0     003d9112  _xcpMemReset                                    
1     0000e11c  _xcpModelChecksum0                              
1     0000e11e  _xcpModelChecksum1                              
1     0000e120  _xcpModelChecksum2                              
1     0000e122  _xcpModelChecksum3                              
1     0000e124  _xcpModelIntegerCode                            
1     0000e116  _xcpModelStartRequest                           
1     0000e118  _xcpModelStatus                                 
1     0000e117  _xcpModelStopRequest                            
0     003d94d5  _xcpPackedModeEventReset                        
0     003d94ce  _xcpPackedModeEventsFlush                       
0     003d944b  _xcpRemoteServiceReq                            
0     003d94aa  _xcpReset                                       
0     003d8bd3  _xcpResetDaqListStatus                          
0     003d9240  _xcpResourceProtectionClearMask                 
0     003d9236  _xcpResourceProtectionSetMask                   
0     003d922b  _xcpResourceProtectionStatusGet                 
0     003d922f  _xcpResourceProtectionStatusSet                 
0     003d9333  _xcpRun                                         
0     003d9248  _xcpSessionConfigurationIdGet                   
0     003d924c  _xcpSessionConfigurationIdSet                   
0     003d9223  _xcpSessionStatusClearMask                      
0     003d920e  _xcpSessionStatusGet                            
0     003d9212  _xcpSessionStatusSet                            
0     003d9219  _xcpSessionStatusSetMask                        
0     003d94b9  _xcpSetCustomPoolMemoryManager                  
0     003dae17  _xcpSortArray                                   
0     003d9d8e  _xcpStandardExtendedInit                        
0     003d9d8f  _xcpStandardExtendedReset                       
0     003d9d63  _xcpStandardGetAddressFromMta                   
0     003d9d79  _xcpStandardGetMta                              
0     003d9d51  _xcpStandardGetPacketLookup                     
0     003d9d85  _xcpStandardIncrementMta                        
0     003d9d4a  _xcpStandardInit                                
0     003d9d5d  _xcpStandardReset                               
0     003d9d67  _xcpStandardSetMta                              
0     003d9d55  _xcpStandardSetPacketLookup                     
0     003d9203  _xcpStatusGet                                   
0     003d9207  _xcpStatusSet                                   
0     003d9d9a  _xcpSxiChecksum                                 
0     003d9b22  _xcpTransportCtoReservedMemPoolId               
0     003db184  _xcpTransportGetInitParameters                  
0     003d98e2  _xcpTransportInit                               
0     003d9b05  _xcpTransportMaxCtoSize                         
0     003d9b02  _xcpTransportMaxDtoSize                         
0     003d9ad9  _xcpTransportMsgBufferSize                      
0     003d9acd  _xcpTransportPacketOffset                       
0     003d9b26  _xcpTransportReset                              
0     003d9b08  _xcpTransportRestart                            
0     003d9b16  _xcpTransportResynch                            
0     003d9a2f  _xcpTransportRx                                 
0     003d9a66  _xcpTransportRxPacketGet                        
0     003d99b4  _xcpTransportTx                                 
0     003d9948  _xcpTransportTxPacketSet                        
0     003d993c  _xcpTransportTxReady                            
0     003d9942  _xcpTransportTxTrigger                          
0     003da155  _xcp_void_printf                                
abs   ffffffff  binit                                           
0     003db38c  cinit                                           
0     003f7ff6  code_start                                      
1     0000e000  edata                                           
1     0000e000  end                                             
0     003db209  etext                                           
abs   ffffffff  pinit                                           


GLOBAL SYMBOLS: SORTED BY Symbol Address 

page  address   name                                            
----  -------   ----                                            
0     00008000  _RamfuncsRunStart                               
0     00008000  _SCIRXINT_isr                                   
0     0000804b  _deleteElement                                  
0     00008074  _InitFlash                                      
0     0000808f  _DSP28x_usDelay                                 
0     003d8000  _RamfuncsLoadStart                              
0     003d8093  .text                                           
0     003d8093  _RamfuncsLoadEnd                                
0     003d8093  ___text__                                       
0     003d88fc  _xcpDaqInit                                     
0     003d890c  _xcpDaqGetPacketLookup                          
0     003d8910  _xcpDaqSetPacketLookup                          
0     003d8aa0  _xcpDaqEvent                                    
0     003d8af3  _xcpDaqEventsFlush                              
0     003d8bc6  _xcpDaqLock                                     
0     003d8bcf  _xcpDaqUnlock                                   
0     003d8bd3  _xcpResetDaqListStatus                          
0     003d8c70  _xcpDaqReset                                    
0     003d8c79  _xcpDaqSetCustomPoolMemoryManager               
0     003d8c8f  _xcpDaqGetCustomPoolMemoryManager               
0     003d8cb0  _xcpDaqExtendedInit                             
0     003d8cb1  _xcpDaqExtendedReset                            
0     003d8ce3  _xcpMemInit                                     
0     003d8da4  _xcpMemAlloc                                    
0     003d8e0f  _xcpMemFree                                     
0     003d8ea0  _xcpMemReservedPoolCreate                       
0     003d8f68  _xcpMemReservedPoolDestroy                      
0     003d8fec  _xcpMemCustomPoolCreate                         
0     003d9044  _xcpMemCustomPoolDestroy                        
0     003d9075  _xcpMemAllocFromPool                            
0     003d9112  _xcpMemReset                                    
0     003d9203  _xcpStatusGet                                   
0     003d9207  _xcpStatusSet                                   
0     003d920e  _xcpSessionStatusGet                            
0     003d9212  _xcpSessionStatusSet                            
0     003d9219  _xcpSessionStatusSetMask                        
0     003d9223  _xcpSessionStatusClearMask                      
0     003d922b  _xcpResourceProtectionStatusGet                 
0     003d922f  _xcpResourceProtectionStatusSet                 
0     003d9236  _xcpResourceProtectionSetMask                   
0     003d9240  _xcpResourceProtectionClearMask                 
0     003d9248  _xcpSessionConfigurationIdGet                   
0     003d924c  _xcpSessionConfigurationIdSet                   
0     003d9253  _genericOutputPacketHandler                     
0     003d92e9  _xcpFindPacket                                  
0     003d930d  _xcpInit                                        
0     003d9333  _xcpRun                                         
0     003d93c8  _xcpEvent                                       
0     003d93de  _xcpEventExternalTimestamp                      
0     003d93f0  _xcpEventNotificationReq                        
0     003d944b  _xcpRemoteServiceReq                            
0     003d94a6  _xcpGetStatus                                   
0     003d94aa  _xcpReset                                       
0     003d94b9  _xcpSetCustomPoolMemoryManager                  
0     003d94c2  _xcpGetCustomPoolMemoryManager                  
0     003d94ce  _xcpPackedModeEventsFlush                       
0     003d94d5  _xcpPackedModeEventReset                        
0     003d94e1  _INT13_ISR                                      
0     003d94eb  _INT14_ISR                                      
0     003d94f5  _DATALOG_ISR                                    
0     003d94ff  _RTOSINT_ISR                                    
0     003d9509  _EMUINT_ISR                                     
0     003d9513  _NMI_ISR                                        
0     003d951d  _ILLEGAL_ISR                                    
0     003d9527  _USER1_ISR                                      
0     003d9531  _USER2_ISR                                      
0     003d953b  _USER3_ISR                                      
0     003d9545  _USER4_ISR                                      
0     003d954f  _USER5_ISR                                      
0     003d9559  _USER6_ISR                                      
0     003d9563  _USER7_ISR                                      
0     003d956d  _USER8_ISR                                      
0     003d9577  _USER9_ISR                                      
0     003d9581  _USER10_ISR                                     
0     003d958b  _USER11_ISR                                     
0     003d9595  _USER12_ISR                                     
0     003d959f  _ADCINT1_ISR                                    
0     003d95a9  _ADCINT2_ISR                                    
0     003d95b3  _XINT1_ISR                                      
0     003d95bd  _XINT2_ISR                                      
0     003d95c7  _ADCINT9_ISR                                    
0     003d95d1  _TINT0_ISR                                      
0     003d95db  _WAKEINT_ISR                                    
0     003d95e5  _EPWM1_TZINT_ISR                                
0     003d95ef  _EPWM2_TZINT_ISR                                
0     003d95f9  _EPWM3_TZINT_ISR                                
0     003d9603  _EPWM4_TZINT_ISR                                
0     003d960d  _EPWM5_TZINT_ISR                                
0     003d9617  _EPWM6_TZINT_ISR                                
0     003d9621  _EPWM7_TZINT_ISR                                
0     003d962b  _EPWM8_TZINT_ISR                                
0     003d9635  _EPWM1_INT_ISR                                  
0     003d963f  _EPWM2_INT_ISR                                  
0     003d9649  _EPWM3_INT_ISR                                  
0     003d9653  _EPWM4_INT_ISR                                  
0     003d965d  _EPWM5_INT_ISR                                  
0     003d9667  _EPWM6_INT_ISR                                  
0     003d9671  _EPWM7_INT_ISR                                  
0     003d967b  _EPWM8_INT_ISR                                  
0     003d9685  _ECAP1_INT_ISR                                  
0     003d968f  _ECAP2_INT_ISR                                  
0     003d9699  _ECAP3_INT_ISR                                  
0     003d96a3  _HRCAP1_INT_ISR                                 
0     003d96ad  _HRCAP2_INT_ISR                                 
0     003d96b7  _EQEP1_INT_ISR                                  
0     003d96c1  _EQEP2_INT_ISR                                  
0     003d96cb  _HRCAP3_INT_ISR                                 
0     003d96d5  _HRCAP4_INT_ISR                                 
0     003d96df  _USB0_INT_ISR                                   
0     003d96e9  _SPIRXINTA_ISR                                  
0     003d96f3  _SPITXINTA_ISR                                  
0     003d96fd  _SPIRXINTB_ISR                                  
0     003d9707  _SPITXINTB_ISR                                  
0     003d9711  _MRINTA_ISR                                     
0     003d971b  _MXINTA_ISR                                     
0     003d9725  _DINTCH1_ISR                                    
0     003d972f  _DINTCH2_ISR                                    
0     003d9739  _DINTCH3_ISR                                    
0     003d9743  _DINTCH4_ISR                                    
0     003d974d  _DINTCH5_ISR                                    
0     003d9757  _DINTCH6_ISR                                    
0     003d9761  _I2CINT1A_ISR                                   
0     003d976b  _I2CINT2A_ISR                                   
0     003d9775  _SCIRXINTA_ISR                                  
0     003d977f  _SCITXINTA_ISR                                  
0     003d9789  _SCIRXINTB_ISR                                  
0     003d9793  _SCITXINTB_ISR                                  
0     003d979d  _ECAN0INTA_ISR                                  
0     003d97a7  _ECAN1INTA_ISR                                  
0     003d97b1  _ADCINT3_ISR                                    
0     003d97bb  _ADCINT4_ISR                                    
0     003d97c5  _ADCINT5_ISR                                    
0     003d97cf  _ADCINT6_ISR                                    
0     003d97d9  _ADCINT7_ISR                                    
0     003d97e3  _ADCINT8_ISR                                    
0     003d97ed  _CLA1_INT1_ISR                                  
0     003d97f7  _CLA1_INT2_ISR                                  
0     003d9801  _CLA1_INT3_ISR                                  
0     003d980b  _CLA1_INT4_ISR                                  
0     003d9815  _CLA1_INT5_ISR                                  
0     003d981f  _CLA1_INT6_ISR                                  
0     003d9829  _CLA1_INT7_ISR                                  
0     003d9833  _CLA1_INT8_ISR                                  
0     003d983d  _XINT3_ISR                                      
0     003d9847  _LVF_ISR                                        
0     003d9851  _LUF_ISR                                        
0     003d985b  _EMPTY_ISR                                      
0     003d9868  _PIE_RESERVED                                   
0     003d9872  _rsvd_ISR                                       
0     003d98e2  _xcpTransportInit                               
0     003d993c  _xcpTransportTxReady                            
0     003d9942  _xcpTransportTxTrigger                          
0     003d9948  _xcpTransportTxPacketSet                        
0     003d99b4  _xcpTransportTx                                 
0     003d9a2f  _xcpTransportRx                                 
0     003d9a66  _xcpTransportRxPacketGet                        
0     003d9acd  _xcpTransportPacketOffset                       
0     003d9ad9  _xcpTransportMsgBufferSize                      
0     003d9b02  _xcpTransportMaxDtoSize                         
0     003d9b05  _xcpTransportMaxCtoSize                         
0     003d9b08  _xcpTransportRestart                            
0     003d9b16  _xcpTransportResynch                            
0     003d9b22  _xcpTransportCtoReservedMemPoolId               
0     003d9b26  _xcpTransportReset                              
0     003d9d4a  _xcpStandardInit                                
0     003d9d51  _xcpStandardGetPacketLookup                     
0     003d9d55  _xcpStandardSetPacketLookup                     
0     003d9d5d  _xcpStandardReset                               
0     003d9d63  _xcpStandardGetAddressFromMta                   
0     003d9d67  _xcpStandardSetMta                              
0     003d9d79  _xcpStandardGetMta                              
0     003d9d85  _xcpStandardIncrementMta                        
0     003d9d8e  _xcpStandardExtendedInit                        
0     003d9d8f  _xcpStandardExtendedReset                       
0     003d9d9a  _xcpSxiChecksum                                 
0     003d9db5  _xcpFrameInit                                   
0     003d9dcf  _xcpFrameMsgSend                                
0     003d9e4d  _xcpFrameMsgRecv                                
0     003d9ed6  _xcpFrameCreateMsg                              
0     003d9f04  _xcpFrameExtractPacket                          
0     003d9f72  _xcpFrameHeaderSize                             
0     003d9f74  _xcpFrameTailSize                               
0     003d9f76  _xcpFrameMaxDtoSize                             
0     003d9f7a  _xcpFrameMaxCtoSize                             
0     003d9f7c  _xcpFrameRestart                                
0     003d9f83  _xcpFrameSetCtoReservedMemPoolId                
0     003d9f8a  _xcpFrameReset                                  
0     003da0c7  _xcpExtModeClassicTriggerInit                   
0     003da0d6  _xcpExtModeClassicTriggerEnabled                
0     003da116  _xcpExtModeClassicTriggerReset                  
0     003da136  _xcpExtModeClassicTriggerForceEnableStatusUpdate
0     003da155  _xcp_void_printf                                
0     003da1f0  _xcpExtModeUpdateTime                           
0     003da1f7  _xcpExtModeGetUpdatedTimestamp                  
0     003da1fe  _xcpGetTimestamp                                
0     003da215  _xcpExtModeGetSimulationTime                    
0     003da21c  _xcpExtModeInit                                 
0     003da244  _xcpExtModeRunBackground                        
0     003da2a1  _xcpExtModeReset                                
0     003da2e8  _InitSysCtrl                                    
0     003da302  _ServiceDog                                     
0     003da30c  _DisableDog                                     
0     003da314  _InitPll                                        
0     003da369  _InitPll2                                       
0     003da397  _InitPeripheralClocks                           
0     003da3ed  _CsmUnlock                                      
0     003da41e  _IntOsc1Sel                                     
0     003da42e  _IntOsc2Sel                                     
0     003da442  _XtalOscSel                                     
0     003da45e  _ExtOscSel                                      
0     003da474  _extmodeParseArgs                               
0     003da47b  _extmodeInit                                    
0     003da4d5  _extmodeWaitForHostRequest                      
0     003da529  _extmodeEvent                                   
0     003da570  _extmodeBackgroundRun                           
0     003da578  _extmodeReset                                   
0     003da58d  _extmodeStopRequested                           
0     003da591  _extmodeStartRequested                          
0     003da595  _extmodeSimulationComplete                      
0     003da599  _extmodeGetFinalSimulationTime                  
0     003da5ae  _extmodeSetFinalSimulationTime                  
0     003da5b6  _extmodeGetEventTriggerEnable                   
0     003da5d0  _extmodeSetEventTriggerEnable                   
0     003da5e4  _xcpDrvOpen                                     
0     003da5fe  _xcpDrvIoctl                                    
0     003da612  _xcpDrvSend                                     
0     003da67f  _xcpDrvRecv                                     
0     003da6ec  _xcpDrvRecvUnknownSize                          
0     003da72f  _xcpDrvClose                                    
0     003da75b  _blikingled_28069M_launchpad_step               
0     003da823  _blikingled_28069M_launchpad_initialize         
0     003da88d  _blikingled_28069M_launchpad_terminate          
0     003da88e  _OneTimeGpioInit                                
0     003da895  _InitGpio                                       
0     003da8c2  _GPIO_SetupPinMux                               
0     003da900  _GPIO_SetupPinOptions                           
0     003da975  _GPIO_ReadPin                                   
0     003da98c  _GPIO_WritePin                                  
0     003da9aa  _GPIO_TogglePin                                 
0     003da9c1  _Set_GPIOPin                                    
0     003da9cf  _enable_interrupts_sci                          
0     003da9de  _rtIOStreamOpen                                 
0     003da9fc  _rtIOStreamClose                                
0     003daa02  _rtIOStreamSend                                 
0     003daa10  _rtIOStreamSend8Bits                            
0     003daa1e  _rtIOStreamRecv                                 
0     003daa34  _init_SCI_external_mode                         
0     003daa9d  _sci_rcv_external_mode                          
0     003daadb  _sci_xmit_external_mode                         
0     003dabbe  _xcpCalibrationInit                             
0     003dabc3  _xcpCalibrationGetPacketLookup                  
0     003dabc7  _xcpCalibrationSetPacketLookup                  
0     003dabcf  _xcpCalibrationReset                            
0     003dabd0  _BytePackerInplace32bits                        
0     003dabf3  _BytePacker32bits                               
0     003dac19  _BytePacker16bits                               
0     003dac3c  _initQue                                        
0     003dac49  _isEmpty                                        
0     003dac55  _isFull                                         
0     003dac62  _addElement                                     
0     003dac89  _rt_OneStep                                     
0     003dac9d  _main                                           
0     003dad42  _InitCpuTimers                                  
0     003dad7d  _ConfigCpuTimer                                 
0     003dadb8  _xcpFifoInit                                    
0     003dadc1  _xcpFifoEnqueue                                 
0     003dadd0  _xcpFifoDequeue                                 
0     003dade3  _xcpFifoEnqueueHead                             
0     003dadf2  _xcpFifoSpliceHead                              
0     003dae08  _xcpFifoEmpty                                   
0     003dae11  _xcpFifoReset                                   
0     003dae17  _xcpSortArray                                   
0     003dae71  _c_int00                                        
0     003daec7  _atan2                                          
0     003daf16  _configureTimer0                                
0     003daf3b  _enableTimer0Interrupt                          
0     003daf43  _disableTimer0Interrupt                         
0     003daf59  _restoreTimer0Interrupt                         
0     003daf64  _atan                                           
0     003dafae  _TINT0_isr                                      
0     003daff2  _init_board                                     
0     003db027  _cosf                                           
0     003db02e  _sinf                                           
0     003db035  _sqrtf                                          
0     003db03c  _atanf                                          
0     003db043  _atan2f                                         
0     003db04c  _c2000_flash_init                               
0     003db05b  _cos                                            
0     003db08f  _sin                                            
0     003db0c3  C$$EXIT                                         
0     003db0c3  _abort                                          
0     003db0c5  _exit                                           
0     003db0ec  _InitPieCtrl                                    
0     003db10b  _EnableInterrupts                               
0     003db114  _InitPieVectTable                               
0     003db13a  _copy_in                                        
0     003db15e  _sqrt                                           
0     003db17f  _xcpExtModeParseArgs                            
0     003db184  _xcpTransportGetInitParameters                  
0     003db191  _xcpGetInitParameters                           
0     003db19e  _memcpy                                         
0     003db1bb  _globalInterruptEnable                          
0     003db1c7  _globalInterruptDisable                         
0     003db1cf  __args_main                                     
0     003db1e1  U$$DIV                                          
0     003db1e6  U$$MOD                                          
0     003db1ec  __register_unlock                               
0     003db1f0  __register_lock                                 
0     003db1f4  __nop                                           
0     003db1fd  _memset                                         
0     003db204  _bootloaderBackgroundTask                       
0     003db205  _bootloaderInit                                 
0     003db206  __system_pre_init                               
0     003db208  __system_post_cinit                             
0     003db209  ___etext__                                      
0     003db209  etext                                           
0     003db20a  _PieVectTableInit                               
0     003db38a  _blikingled_28069M_launchpad_M                  
0     003db38c  ___cinit__                                      
0     003db38c  cinit                                           
0     003f7ff6  code_start                                      
0     003fd590  _FPUsinTable                                    
0     003fd690  _FPUcosTable                                    
0     003fd990  _FPUsinTableEnd                                 
0     003fda92  _FPUatan2HalfPITable                            
0     003fda92  _FPUcosTableEnd                                 
0     003fda96  _FPUatan2Table                                  
0     003fdc1c  _FPUatan2TableEnd                               
1     00000002  __stack                                         
1     00000402  __STACK_END                                     
1     00000880  _DevEmuRegs                                     
1     00000985  _SysPwrCtrlRegs                                 
1     00000a80  _FlashRegs                                      
1     00000ae0  _CsmRegs                                        
1     00000b00  _AdcResult                                      
1     00000c00  _CpuTimer0Regs                                  
1     00000c08  _CpuTimer1Regs                                  
1     00000c10  _CpuTimer2Regs                                  
1     00000ce0  _PieCtrlRegs                                    
1     00000d00  _EmuKey                                         
1     00000d00  _PieVectTable                                   
1     00000d01  _EmuBMode                                       
1     00000d02  _Flash_CallbackPtr                              
1     00000d04  _Flash_CPUScaleFactor                           
1     00001000  _DmaRegs                                        
1     00001400  _Cla1Regs                                       
1     00004000  _Usb0Regs                                       
1     00005000  _McbspaRegs                                     
1     00006000  _ECanaRegs                                      
1     00006040  _ECanaLAMRegs                                   
1     00006080  _ECanaMOTSRegs                                  
1     000060c0  _ECanaMOTORegs                                  
1     00006100  _ECanaMboxes                                    
1     00006400  _Comp1Regs                                      
1     00006420  _Comp2Regs                                      
1     00006440  _Comp3Regs                                      
1     00006800  _EPwm1Regs                                      
1     00006840  _EPwm2Regs                                      
1     00006880  _EPwm3Regs                                      
1     000068c0  _EPwm4Regs                                      
1     00006900  _EPwm5Regs                                      
1     00006940  _EPwm6Regs                                      
1     00006980  _EPwm7Regs                                      
1     000069c0  _EPwm8Regs                                      
1     00006a00  _ECap1Regs                                      
1     00006a20  _ECap2Regs                                      
1     00006a40  _ECap3Regs                                      
1     00006ac0  _HRCap1Regs                                     
1     00006ae0  _HRCap2Regs                                     
1     00006b00  _EQep1Regs                                      
1     00006b40  _EQep2Regs                                      
1     00006c80  _HRCap3Regs                                     
1     00006ca0  _HRCap4Regs                                     
1     00006f80  _GpioCtrlRegs                                   
1     00006fc0  _GpioDataRegs                                   
1     00006fe0  _GpioIntRegs                                    
1     00007010  _SysCtrlRegs                                    
1     00007040  _SpiaRegs                                       
1     00007050  _SciaRegs                                       
1     00007060  _NmiIntruptRegs                                 
1     00007070  _XIntruptRegs                                   
1     00007100  _AdcRegs                                        
1     00007740  _SpibRegs                                       
1     00007750  _ScibRegs                                       
1     00007900  _I2caRegs                                       
1     0000e000  .bss                                            
1     0000e000  .data                                           
1     0000e000  ___bss__                                        
1     0000e000  ___data__                                       
1     0000e000  ___edata__                                      
1     0000e000  ___end__                                        
1     0000e000  edata                                           
1     0000e000  end                                             
1     0000e116  _xcpModelStartRequest                           
1     0000e117  _xcpModelStopRequest                            
1     0000e118  _xcpModelStatus                                 
1     0000e119  _xcpExtmodeSimulationComplete                   
1     0000e11c  _xcpModelChecksum0                              
1     0000e11e  _xcpModelChecksum1                              
1     0000e120  _xcpModelChecksum2                              
1     0000e122  _xcpModelChecksum3                              
1     0000e124  _xcpModelIntegerCode                            
1     0000e126  _xcpExtmodeFinalSimulationTime                  
1     0000e128  _xcpDummyDoubleVariable                         
1     0000e1a7  _GPIO_oneTimeInit                               
1     0000e1a8  _CpuTimer0                                      
1     0000e1b0  _CpuTimer1                                      
1     0000e1b8  _CpuTimer2                                      
1     0000e1c0  _queRx                                          
1     0000e23e  __lock                                          
1     0000e240  _blikingled_28069M_launchpad_B                  
1     0000e244  _blikingled_28069M_launchpad_DW                 
1     0000e280  _xcpClassicTriggerEventId                       
1     0000e281  _xcpClassicTriggerSignalAddressExtension        
1     0000e282  _xcpClassicTriggerDirection                     
1     0000e283  _xcpClassicTriggerArmRequest                    
1     0000e284  _xcpClassicTriggerCancelRequest                 
1     0000e285  _xcpClassicTriggerSource                        
1     0000e286  _xcpClassicTriggerMode                          
1     0000e287  _xcpClassicTriggerStatus                        
1     0000e28e  _xcpClassicTriggerSignalAddress                 
1     0000e290  _xcpClassicTriggerLevel                         
1     0000e292  _xcpClassicTriggerDuration                      
1     0000e294  _xcpClassicTriggerHoldOff                       
1     0000e296  _xcpClassicTriggerDelay                         
1     0000e2bc  _xcpCurrentSimulationTimeInTicks                
1     0000e2c0  _blikingled_28069M_launchpad_P                  
1     0000e2d6  ___TI_enable_exit_profile_output                
1     0000e2d8  ___TI_cleanup_ptr                               
1     0000e2da  ___TI_dtors_ptr                                 
1     0000e2ee  _IsrOverrun                                     
1     0000e2f0  _stopRequested                                  
1     0000e2f1  _runModel                                       
1     0000e2fa  __unlock                                        
1     0000e2fe  _MW_SCI_PTR                                     
1     0000e304  _MW_InterruptDisableLock                        
1     003d7e80  _PartIdRegs                                     
1     003f7ff8  _CsmPwl                                         
abs   00000400  __STACK_SIZE                                    
abs   ffffffff  ___TI_pprof_out_hndl                            
abs   ffffffff  ___TI_prof_data_size                            
abs   ffffffff  ___TI_prof_data_start                           
abs   ffffffff  ___binit__                                      
abs   ffffffff  ___c_args__                                     
abs   ffffffff  ___pinit__                                      
abs   ffffffff  binit                                           
abs   ffffffff  pinit                                           

[447 symbols]
